---
source: api/src/lib.rs
expression: dump_ledger_state(api)

---
[
  {
    "namespace": "chronicle:ns:testns:5a0ab5b8-eeb7-4812-9fe3-6dd69bd20cea",
    "resource": "chronicle:agent:testagent"
  },
  "{\"@id\":\"chronicle:agent:testagent\",\"@type\":\"prov:Agent\",\"label\":\"testagent\",\"namespace\":\"chronicle:ns:testns:5a0ab5b8-eeb7-4812-9fe3-6dd69bd20cea\"}",
  {
    "namespace": "null",
    "resource": "chronicle:ns:testns:5a0ab5b8-eeb7-4812-9fe3-6dd69bd20cea"
  },
  "{\"@id\":\"chronicle:ns:testns:5a0ab5b8-eeb7-4812-9fe3-6dd69bd20cea\",\"@type\":\"chronicle:Namespace\",\"label\":\"testns\"}"
]
