---
source: api/src/lib.rs
expression: dump_ledger_state(api)

---
[
  {
    "namespace": "chronicle:ns:testns:5a0ab5b8-eeb7-4812-9fe3-6dd69bd20cea",
    "resource": "chronicle:activity:testactivity"
  },
  "{\"@id\":\"chronicle:activity:testactivity\",\"@type\":\"prov:Activity\",\"namespace\":\"chronicle:ns:testns:5a0ab5b8-eeb7-4812-9fe3-6dd69bd20cea\",\"label\":\"testactivity\"}",
  {
    "namespace": "chronicle:ns:testns:5a0ab5b8-eeb7-4812-9fe3-6dd69bd20cea",
    "resource": "chronicle:activity:testactivity_1"
  },
  "{\"@id\":\"chronicle:activity:testactivity_1\",\"@type\":\"prov:Activity\",\"namespace\":\"chronicle:ns:testns:5a0ab5b8-eeb7-4812-9fe3-6dd69bd20cea\",\"label\":\"testactivity_1\"}",
  {
    "namespace": "chronicle:ns:testns:5a0ab5b8-eeb7-4812-9fe3-6dd69bd20cea",
    "resource": "chronicle:activity:testactivity_10"
  },
  "{\"@id\":\"chronicle:activity:testactivity_10\",\"@type\":\"prov:Activity\",\"namespace\":\"chronicle:ns:testns:5a0ab5b8-eeb7-4812-9fe3-6dd69bd20cea\",\"label\":\"testactivity_10\"}",
  {
    "namespace": "chronicle:ns:testns:5a0ab5b8-eeb7-4812-9fe3-6dd69bd20cea",
    "resource": "chronicle:activity:testactivity_11"
  },
  "{\"@id\":\"chronicle:activity:testactivity_11\",\"@type\":\"prov:Activity\",\"label\":\"testactivity_11\",\"namespace\":\"chronicle:ns:testns:5a0ab5b8-eeb7-4812-9fe3-6dd69bd20cea\"}",
  {
    "namespace": "chronicle:ns:testns:5a0ab5b8-eeb7-4812-9fe3-6dd69bd20cea",
    "resource": "chronicle:activity:testactivity_12"
  },
  "{\"@id\":\"chronicle:activity:testactivity_12\",\"@type\":\"prov:Activity\",\"namespace\":\"chronicle:ns:testns:5a0ab5b8-eeb7-4812-9fe3-6dd69bd20cea\",\"label\":\"testactivity_12\"}",
  {
    "namespace": "chronicle:ns:testns:5a0ab5b8-eeb7-4812-9fe3-6dd69bd20cea",
    "resource": "chronicle:activity:testactivity_13"
  },
  "{\"@id\":\"chronicle:activity:testactivity_13\",\"@type\":\"prov:Activity\",\"namespace\":\"chronicle:ns:testns:5a0ab5b8-eeb7-4812-9fe3-6dd69bd20cea\",\"label\":\"testactivity_13\"}",
  {
    "namespace": "chronicle:ns:testns:5a0ab5b8-eeb7-4812-9fe3-6dd69bd20cea",
    "resource": "chronicle:activity:testactivity_14"
  },
  "{\"@id\":\"chronicle:activity:testactivity_14\",\"@type\":\"prov:Activity\",\"namespace\":\"chronicle:ns:testns:5a0ab5b8-eeb7-4812-9fe3-6dd69bd20cea\",\"label\":\"testactivity_14\"}",
  {
    "namespace": "chronicle:ns:testns:5a0ab5b8-eeb7-4812-9fe3-6dd69bd20cea",
    "resource": "chronicle:activity:testactivity_15"
  },
  "{\"@id\":\"chronicle:activity:testactivity_15\",\"@type\":\"prov:Activity\",\"label\":\"testactivity_15\",\"namespace\":\"chronicle:ns:testns:5a0ab5b8-eeb7-4812-9fe3-6dd69bd20cea\"}",
  {
    "namespace": "chronicle:ns:testns:5a0ab5b8-eeb7-4812-9fe3-6dd69bd20cea",
    "resource": "chronicle:activity:testactivity_16"
  },
  "{\"@id\":\"chronicle:activity:testactivity_16\",\"@type\":\"prov:Activity\",\"namespace\":\"chronicle:ns:testns:5a0ab5b8-eeb7-4812-9fe3-6dd69bd20cea\",\"label\":\"testactivity_16\"}",
  {
    "namespace": "chronicle:ns:testns:5a0ab5b8-eeb7-4812-9fe3-6dd69bd20cea",
    "resource": "chronicle:activity:testactivity_17"
  },
  "{\"@id\":\"chronicle:activity:testactivity_17\",\"@type\":\"prov:Activity\",\"namespace\":\"chronicle:ns:testns:5a0ab5b8-eeb7-4812-9fe3-6dd69bd20cea\",\"label\":\"testactivity_17\"}",
  {
    "namespace": "chronicle:ns:testns:5a0ab5b8-eeb7-4812-9fe3-6dd69bd20cea",
    "resource": "chronicle:activity:testactivity_18"
  },
  "{\"@id\":\"chronicle:activity:testactivity_18\",\"@type\":\"prov:Activity\",\"label\":\"testactivity_18\",\"namespace\":\"chronicle:ns:testns:5a0ab5b8-eeb7-4812-9fe3-6dd69bd20cea\"}",
  {
    "namespace": "chronicle:ns:testns:5a0ab5b8-eeb7-4812-9fe3-6dd69bd20cea",
    "resource": "chronicle:activity:testactivity_19"
  },
  "{\"@id\":\"chronicle:activity:testactivity_19\",\"@type\":\"prov:Activity\",\"label\":\"testactivity_19\",\"namespace\":\"chronicle:ns:testns:5a0ab5b8-eeb7-4812-9fe3-6dd69bd20cea\"}",
  {
    "namespace": "chronicle:ns:testns:5a0ab5b8-eeb7-4812-9fe3-6dd69bd20cea",
    "resource": "chronicle:activity:testactivity_2"
  },
  "{\"@id\":\"chronicle:activity:testactivity_2\",\"@type\":\"prov:Activity\",\"namespace\":\"chronicle:ns:testns:5a0ab5b8-eeb7-4812-9fe3-6dd69bd20cea\",\"label\":\"testactivity_2\"}",
  {
    "namespace": "chronicle:ns:testns:5a0ab5b8-eeb7-4812-9fe3-6dd69bd20cea",
    "resource": "chronicle:activity:testactivity_20"
  },
  "{\"@id\":\"chronicle:activity:testactivity_20\",\"@type\":\"prov:Activity\",\"label\":\"testactivity_20\",\"namespace\":\"chronicle:ns:testns:5a0ab5b8-eeb7-4812-9fe3-6dd69bd20cea\"}",
  {
    "namespace": "chronicle:ns:testns:5a0ab5b8-eeb7-4812-9fe3-6dd69bd20cea",
    "resource": "chronicle:activity:testactivity_21"
  },
  "{\"@id\":\"chronicle:activity:testactivity_21\",\"@type\":\"prov:Activity\",\"namespace\":\"chronicle:ns:testns:5a0ab5b8-eeb7-4812-9fe3-6dd69bd20cea\",\"label\":\"testactivity_21\"}",
  {
    "namespace": "chronicle:ns:testns:5a0ab5b8-eeb7-4812-9fe3-6dd69bd20cea",
    "resource": "chronicle:activity:testactivity_22"
  },
  "{\"@id\":\"chronicle:activity:testactivity_22\",\"@type\":\"prov:Activity\",\"namespace\":\"chronicle:ns:testns:5a0ab5b8-eeb7-4812-9fe3-6dd69bd20cea\",\"label\":\"testactivity_22\"}",
  {
    "namespace": "chronicle:ns:testns:5a0ab5b8-eeb7-4812-9fe3-6dd69bd20cea",
    "resource": "chronicle:activity:testactivity_23"
  },
  "{\"@id\":\"chronicle:activity:testactivity_23\",\"@type\":\"prov:Activity\",\"label\":\"testactivity_23\",\"namespace\":\"chronicle:ns:testns:5a0ab5b8-eeb7-4812-9fe3-6dd69bd20cea\"}",
  {
    "namespace": "chronicle:ns:testns:5a0ab5b8-eeb7-4812-9fe3-6dd69bd20cea",
    "resource": "chronicle:activity:testactivity_24"
  },
  "{\"@id\":\"chronicle:activity:testactivity_24\",\"@type\":\"prov:Activity\",\"namespace\":\"chronicle:ns:testns:5a0ab5b8-eeb7-4812-9fe3-6dd69bd20cea\",\"label\":\"testactivity_24\"}",
  {
    "namespace": "chronicle:ns:testns:5a0ab5b8-eeb7-4812-9fe3-6dd69bd20cea",
    "resource": "chronicle:activity:testactivity_25"
  },
  "{\"@id\":\"chronicle:activity:testactivity_25\",\"@type\":\"prov:Activity\",\"namespace\":\"chronicle:ns:testns:5a0ab5b8-eeb7-4812-9fe3-6dd69bd20cea\",\"label\":\"testactivity_25\"}",
  {
    "namespace": "chronicle:ns:testns:5a0ab5b8-eeb7-4812-9fe3-6dd69bd20cea",
    "resource": "chronicle:activity:testactivity_26"
  },
  "{\"@id\":\"chronicle:activity:testactivity_26\",\"@type\":\"prov:Activity\",\"label\":\"testactivity_26\",\"namespace\":\"chronicle:ns:testns:5a0ab5b8-eeb7-4812-9fe3-6dd69bd20cea\"}",
  {
    "namespace": "chronicle:ns:testns:5a0ab5b8-eeb7-4812-9fe3-6dd69bd20cea",
    "resource": "chronicle:activity:testactivity_27"
  },
  "{\"@id\":\"chronicle:activity:testactivity_27\",\"@type\":\"prov:Activity\",\"namespace\":\"chronicle:ns:testns:5a0ab5b8-eeb7-4812-9fe3-6dd69bd20cea\",\"label\":\"testactivity_27\"}",
  {
    "namespace": "chronicle:ns:testns:5a0ab5b8-eeb7-4812-9fe3-6dd69bd20cea",
    "resource": "chronicle:activity:testactivity_28"
  },
  "{\"@id\":\"chronicle:activity:testactivity_28\",\"@type\":\"prov:Activity\",\"namespace\":\"chronicle:ns:testns:5a0ab5b8-eeb7-4812-9fe3-6dd69bd20cea\",\"label\":\"testactivity_28\"}",
  {
    "namespace": "chronicle:ns:testns:5a0ab5b8-eeb7-4812-9fe3-6dd69bd20cea",
    "resource": "chronicle:activity:testactivity_29"
  },
  "{\"@id\":\"chronicle:activity:testactivity_29\",\"@type\":\"prov:Activity\",\"label\":\"testactivity_29\",\"namespace\":\"chronicle:ns:testns:5a0ab5b8-eeb7-4812-9fe3-6dd69bd20cea\"}",
  {
    "namespace": "chronicle:ns:testns:5a0ab5b8-eeb7-4812-9fe3-6dd69bd20cea",
    "resource": "chronicle:activity:testactivity_3"
  },
  "{\"@id\":\"chronicle:activity:testactivity_3\",\"@type\":\"prov:Activity\",\"label\":\"testactivity_3\",\"namespace\":\"chronicle:ns:testns:5a0ab5b8-eeb7-4812-9fe3-6dd69bd20cea\"}",
  {
    "namespace": "chronicle:ns:testns:5a0ab5b8-eeb7-4812-9fe3-6dd69bd20cea",
    "resource": "chronicle:activity:testactivity_30"
  },
  "{\"@id\":\"chronicle:activity:testactivity_30\",\"@type\":\"prov:Activity\",\"label\":\"testactivity_30\",\"namespace\":\"chronicle:ns:testns:5a0ab5b8-eeb7-4812-9fe3-6dd69bd20cea\"}",
  {
    "namespace": "chronicle:ns:testns:5a0ab5b8-eeb7-4812-9fe3-6dd69bd20cea",
    "resource": "chronicle:activity:testactivity_31"
  },
  "{\"@id\":\"chronicle:activity:testactivity_31\",\"@type\":\"prov:Activity\",\"label\":\"testactivity_31\",\"namespace\":\"chronicle:ns:testns:5a0ab5b8-eeb7-4812-9fe3-6dd69bd20cea\"}",
  {
    "namespace": "chronicle:ns:testns:5a0ab5b8-eeb7-4812-9fe3-6dd69bd20cea",
    "resource": "chronicle:activity:testactivity_32"
  },
  "{\"@id\":\"chronicle:activity:testactivity_32\",\"@type\":\"prov:Activity\",\"label\":\"testactivity_32\",\"namespace\":\"chronicle:ns:testns:5a0ab5b8-eeb7-4812-9fe3-6dd69bd20cea\"}",
  {
    "namespace": "chronicle:ns:testns:5a0ab5b8-eeb7-4812-9fe3-6dd69bd20cea",
    "resource": "chronicle:activity:testactivity_33"
  },
  "{\"@id\":\"chronicle:activity:testactivity_33\",\"@type\":\"prov:Activity\",\"label\":\"testactivity_33\",\"namespace\":\"chronicle:ns:testns:5a0ab5b8-eeb7-4812-9fe3-6dd69bd20cea\"}",
  {
    "namespace": "chronicle:ns:testns:5a0ab5b8-eeb7-4812-9fe3-6dd69bd20cea",
    "resource": "chronicle:activity:testactivity_34"
  },
  "{\"@id\":\"chronicle:activity:testactivity_34\",\"@type\":\"prov:Activity\",\"namespace\":\"chronicle:ns:testns:5a0ab5b8-eeb7-4812-9fe3-6dd69bd20cea\",\"label\":\"testactivity_34\"}",
  {
    "namespace": "chronicle:ns:testns:5a0ab5b8-eeb7-4812-9fe3-6dd69bd20cea",
    "resource": "chronicle:activity:testactivity_35"
  },
  "{\"@id\":\"chronicle:activity:testactivity_35\",\"@type\":\"prov:Activity\",\"namespace\":\"chronicle:ns:testns:5a0ab5b8-eeb7-4812-9fe3-6dd69bd20cea\",\"label\":\"testactivity_35\"}",
  {
    "namespace": "chronicle:ns:testns:5a0ab5b8-eeb7-4812-9fe3-6dd69bd20cea",
    "resource": "chronicle:activity:testactivity_36"
  },
  "{\"@id\":\"chronicle:activity:testactivity_36\",\"@type\":\"prov:Activity\",\"namespace\":\"chronicle:ns:testns:5a0ab5b8-eeb7-4812-9fe3-6dd69bd20cea\",\"label\":\"testactivity_36\"}",
  {
    "namespace": "chronicle:ns:testns:5a0ab5b8-eeb7-4812-9fe3-6dd69bd20cea",
    "resource": "chronicle:activity:testactivity_37"
  },
  "{\"@id\":\"chronicle:activity:testactivity_37\",\"@type\":\"prov:Activity\",\"label\":\"testactivity_37\",\"namespace\":\"chronicle:ns:testns:5a0ab5b8-eeb7-4812-9fe3-6dd69bd20cea\"}",
  {
    "namespace": "chronicle:ns:testns:5a0ab5b8-eeb7-4812-9fe3-6dd69bd20cea",
    "resource": "chronicle:activity:testactivity_38"
  },
  "{\"@id\":\"chronicle:activity:testactivity_38\",\"@type\":\"prov:Activity\",\"label\":\"testactivity_38\",\"namespace\":\"chronicle:ns:testns:5a0ab5b8-eeb7-4812-9fe3-6dd69bd20cea\"}",
  {
    "namespace": "chronicle:ns:testns:5a0ab5b8-eeb7-4812-9fe3-6dd69bd20cea",
    "resource": "chronicle:activity:testactivity_39"
  },
  "{\"@id\":\"chronicle:activity:testactivity_39\",\"@type\":\"prov:Activity\",\"namespace\":\"chronicle:ns:testns:5a0ab5b8-eeb7-4812-9fe3-6dd69bd20cea\",\"label\":\"testactivity_39\"}",
  {
    "namespace": "chronicle:ns:testns:5a0ab5b8-eeb7-4812-9fe3-6dd69bd20cea",
    "resource": "chronicle:activity:testactivity_4"
  },
  "{\"@id\":\"chronicle:activity:testactivity_4\",\"@type\":\"prov:Activity\",\"namespace\":\"chronicle:ns:testns:5a0ab5b8-eeb7-4812-9fe3-6dd69bd20cea\",\"label\":\"testactivity_4\"}",
  {
    "namespace": "chronicle:ns:testns:5a0ab5b8-eeb7-4812-9fe3-6dd69bd20cea",
    "resource": "chronicle:activity:testactivity_40"
  },
  "{\"@id\":\"chronicle:activity:testactivity_40\",\"@type\":\"prov:Activity\",\"label\":\"testactivity_40\",\"namespace\":\"chronicle:ns:testns:5a0ab5b8-eeb7-4812-9fe3-6dd69bd20cea\"}",
  {
    "namespace": "chronicle:ns:testns:5a0ab5b8-eeb7-4812-9fe3-6dd69bd20cea",
    "resource": "chronicle:activity:testactivity_41"
  },
  "{\"@id\":\"chronicle:activity:testactivity_41\",\"@type\":\"prov:Activity\",\"label\":\"testactivity_41\",\"namespace\":\"chronicle:ns:testns:5a0ab5b8-eeb7-4812-9fe3-6dd69bd20cea\"}",
  {
    "namespace": "chronicle:ns:testns:5a0ab5b8-eeb7-4812-9fe3-6dd69bd20cea",
    "resource": "chronicle:activity:testactivity_42"
  },
  "{\"@id\":\"chronicle:activity:testactivity_42\",\"@type\":\"prov:Activity\",\"namespace\":\"chronicle:ns:testns:5a0ab5b8-eeb7-4812-9fe3-6dd69bd20cea\",\"label\":\"testactivity_42\"}",
  {
    "namespace": "chronicle:ns:testns:5a0ab5b8-eeb7-4812-9fe3-6dd69bd20cea",
    "resource": "chronicle:activity:testactivity_43"
  },
  "{\"@id\":\"chronicle:activity:testactivity_43\",\"@type\":\"prov:Activity\",\"namespace\":\"chronicle:ns:testns:5a0ab5b8-eeb7-4812-9fe3-6dd69bd20cea\",\"label\":\"testactivity_43\"}",
  {
    "namespace": "chronicle:ns:testns:5a0ab5b8-eeb7-4812-9fe3-6dd69bd20cea",
    "resource": "chronicle:activity:testactivity_44"
  },
  "{\"@id\":\"chronicle:activity:testactivity_44\",\"@type\":\"prov:Activity\",\"namespace\":\"chronicle:ns:testns:5a0ab5b8-eeb7-4812-9fe3-6dd69bd20cea\",\"label\":\"testactivity_44\"}",
  {
    "namespace": "chronicle:ns:testns:5a0ab5b8-eeb7-4812-9fe3-6dd69bd20cea",
    "resource": "chronicle:activity:testactivity_45"
  },
  "{\"@id\":\"chronicle:activity:testactivity_45\",\"@type\":\"prov:Activity\",\"label\":\"testactivity_45\",\"namespace\":\"chronicle:ns:testns:5a0ab5b8-eeb7-4812-9fe3-6dd69bd20cea\"}",
  {
    "namespace": "chronicle:ns:testns:5a0ab5b8-eeb7-4812-9fe3-6dd69bd20cea",
    "resource": "chronicle:activity:testactivity_46"
  },
  "{\"@id\":\"chronicle:activity:testactivity_46\",\"@type\":\"prov:Activity\",\"namespace\":\"chronicle:ns:testns:5a0ab5b8-eeb7-4812-9fe3-6dd69bd20cea\",\"label\":\"testactivity_46\"}",
  {
    "namespace": "chronicle:ns:testns:5a0ab5b8-eeb7-4812-9fe3-6dd69bd20cea",
    "resource": "chronicle:activity:testactivity_47"
  },
  "{\"@id\":\"chronicle:activity:testactivity_47\",\"@type\":\"prov:Activity\",\"label\":\"testactivity_47\",\"namespace\":\"chronicle:ns:testns:5a0ab5b8-eeb7-4812-9fe3-6dd69bd20cea\"}",
  {
    "namespace": "chronicle:ns:testns:5a0ab5b8-eeb7-4812-9fe3-6dd69bd20cea",
    "resource": "chronicle:activity:testactivity_48"
  },
  "{\"@id\":\"chronicle:activity:testactivity_48\",\"@type\":\"prov:Activity\",\"namespace\":\"chronicle:ns:testns:5a0ab5b8-eeb7-4812-9fe3-6dd69bd20cea\",\"label\":\"testactivity_48\"}",
  {
    "namespace": "chronicle:ns:testns:5a0ab5b8-eeb7-4812-9fe3-6dd69bd20cea",
    "resource": "chronicle:activity:testactivity_49"
  },
  "{\"@id\":\"chronicle:activity:testactivity_49\",\"@type\":\"prov:Activity\",\"label\":\"testactivity_49\",\"namespace\":\"chronicle:ns:testns:5a0ab5b8-eeb7-4812-9fe3-6dd69bd20cea\"}",
  {
    "namespace": "chronicle:ns:testns:5a0ab5b8-eeb7-4812-9fe3-6dd69bd20cea",
    "resource": "chronicle:activity:testactivity_5"
  },
  "{\"@id\":\"chronicle:activity:testactivity_5\",\"@type\":\"prov:Activity\",\"namespace\":\"chronicle:ns:testns:5a0ab5b8-eeb7-4812-9fe3-6dd69bd20cea\",\"label\":\"testactivity_5\"}",
  {
    "namespace": "chronicle:ns:testns:5a0ab5b8-eeb7-4812-9fe3-6dd69bd20cea",
    "resource": "chronicle:activity:testactivity_50"
  },
  "{\"@id\":\"chronicle:activity:testactivity_50\",\"@type\":\"prov:Activity\",\"namespace\":\"chronicle:ns:testns:5a0ab5b8-eeb7-4812-9fe3-6dd69bd20cea\",\"label\":\"testactivity_50\"}",
  {
    "namespace": "chronicle:ns:testns:5a0ab5b8-eeb7-4812-9fe3-6dd69bd20cea",
    "resource": "chronicle:activity:testactivity_51"
  },
  "{\"@id\":\"chronicle:activity:testactivity_51\",\"@type\":\"prov:Activity\",\"label\":\"testactivity_51\",\"namespace\":\"chronicle:ns:testns:5a0ab5b8-eeb7-4812-9fe3-6dd69bd20cea\"}",
  {
    "namespace": "chronicle:ns:testns:5a0ab5b8-eeb7-4812-9fe3-6dd69bd20cea",
    "resource": "chronicle:activity:testactivity_52"
  },
  "{\"@id\":\"chronicle:activity:testactivity_52\",\"@type\":\"prov:Activity\",\"namespace\":\"chronicle:ns:testns:5a0ab5b8-eeb7-4812-9fe3-6dd69bd20cea\",\"label\":\"testactivity_52\"}",
  {
    "namespace": "chronicle:ns:testns:5a0ab5b8-eeb7-4812-9fe3-6dd69bd20cea",
    "resource": "chronicle:activity:testactivity_53"
  },
  "{\"@id\":\"chronicle:activity:testactivity_53\",\"@type\":\"prov:Activity\",\"namespace\":\"chronicle:ns:testns:5a0ab5b8-eeb7-4812-9fe3-6dd69bd20cea\",\"label\":\"testactivity_53\"}",
  {
    "namespace": "chronicle:ns:testns:5a0ab5b8-eeb7-4812-9fe3-6dd69bd20cea",
    "resource": "chronicle:activity:testactivity_54"
  },
  "{\"@id\":\"chronicle:activity:testactivity_54\",\"@type\":\"prov:Activity\",\"namespace\":\"chronicle:ns:testns:5a0ab5b8-eeb7-4812-9fe3-6dd69bd20cea\",\"label\":\"testactivity_54\"}",
  {
    "namespace": "chronicle:ns:testns:5a0ab5b8-eeb7-4812-9fe3-6dd69bd20cea",
    "resource": "chronicle:activity:testactivity_55"
  },
  "{\"@id\":\"chronicle:activity:testactivity_55\",\"@type\":\"prov:Activity\",\"label\":\"testactivity_55\",\"namespace\":\"chronicle:ns:testns:5a0ab5b8-eeb7-4812-9fe3-6dd69bd20cea\"}",
  {
    "namespace": "chronicle:ns:testns:5a0ab5b8-eeb7-4812-9fe3-6dd69bd20cea",
    "resource": "chronicle:activity:testactivity_56"
  },
  "{\"@id\":\"chronicle:activity:testactivity_56\",\"@type\":\"prov:Activity\",\"label\":\"testactivity_56\",\"namespace\":\"chronicle:ns:testns:5a0ab5b8-eeb7-4812-9fe3-6dd69bd20cea\"}",
  {
    "namespace": "chronicle:ns:testns:5a0ab5b8-eeb7-4812-9fe3-6dd69bd20cea",
    "resource": "chronicle:activity:testactivity_57"
  },
  "{\"@id\":\"chronicle:activity:testactivity_57\",\"@type\":\"prov:Activity\",\"namespace\":\"chronicle:ns:testns:5a0ab5b8-eeb7-4812-9fe3-6dd69bd20cea\",\"label\":\"testactivity_57\"}",
  {
    "namespace": "chronicle:ns:testns:5a0ab5b8-eeb7-4812-9fe3-6dd69bd20cea",
    "resource": "chronicle:activity:testactivity_58"
  },
  "{\"@id\":\"chronicle:activity:testactivity_58\",\"@type\":\"prov:Activity\",\"namespace\":\"chronicle:ns:testns:5a0ab5b8-eeb7-4812-9fe3-6dd69bd20cea\",\"label\":\"testactivity_58\"}",
  {
    "namespace": "chronicle:ns:testns:5a0ab5b8-eeb7-4812-9fe3-6dd69bd20cea",
    "resource": "chronicle:activity:testactivity_59"
  },
  "{\"@id\":\"chronicle:activity:testactivity_59\",\"@type\":\"prov:Activity\",\"label\":\"testactivity_59\",\"namespace\":\"chronicle:ns:testns:5a0ab5b8-eeb7-4812-9fe3-6dd69bd20cea\"}",
  {
    "namespace": "chronicle:ns:testns:5a0ab5b8-eeb7-4812-9fe3-6dd69bd20cea",
    "resource": "chronicle:activity:testactivity_6"
  },
  "{\"@id\":\"chronicle:activity:testactivity_6\",\"@type\":\"prov:Activity\",\"label\":\"testactivity_6\",\"namespace\":\"chronicle:ns:testns:5a0ab5b8-eeb7-4812-9fe3-6dd69bd20cea\"}",
  {
    "namespace": "chronicle:ns:testns:5a0ab5b8-eeb7-4812-9fe3-6dd69bd20cea",
    "resource": "chronicle:activity:testactivity_60"
  },
  "{\"@id\":\"chronicle:activity:testactivity_60\",\"@type\":\"prov:Activity\",\"namespace\":\"chronicle:ns:testns:5a0ab5b8-eeb7-4812-9fe3-6dd69bd20cea\",\"label\":\"testactivity_60\"}",
  {
    "namespace": "chronicle:ns:testns:5a0ab5b8-eeb7-4812-9fe3-6dd69bd20cea",
    "resource": "chronicle:activity:testactivity_61"
  },
  "{\"@id\":\"chronicle:activity:testactivity_61\",\"@type\":\"prov:Activity\",\"namespace\":\"chronicle:ns:testns:5a0ab5b8-eeb7-4812-9fe3-6dd69bd20cea\",\"label\":\"testactivity_61\"}",
  {
    "namespace": "chronicle:ns:testns:5a0ab5b8-eeb7-4812-9fe3-6dd69bd20cea",
    "resource": "chronicle:activity:testactivity_62"
  },
  "{\"@id\":\"chronicle:activity:testactivity_62\",\"@type\":\"prov:Activity\",\"label\":\"testactivity_62\",\"namespace\":\"chronicle:ns:testns:5a0ab5b8-eeb7-4812-9fe3-6dd69bd20cea\"}",
  {
    "namespace": "chronicle:ns:testns:5a0ab5b8-eeb7-4812-9fe3-6dd69bd20cea",
    "resource": "chronicle:activity:testactivity_63"
  },
  "{\"@id\":\"chronicle:activity:testactivity_63\",\"@type\":\"prov:Activity\",\"label\":\"testactivity_63\",\"namespace\":\"chronicle:ns:testns:5a0ab5b8-eeb7-4812-9fe3-6dd69bd20cea\"}",
  {
    "namespace": "chronicle:ns:testns:5a0ab5b8-eeb7-4812-9fe3-6dd69bd20cea",
    "resource": "chronicle:activity:testactivity_64"
  },
  "{\"@id\":\"chronicle:activity:testactivity_64\",\"@type\":\"prov:Activity\",\"label\":\"testactivity_64\",\"namespace\":\"chronicle:ns:testns:5a0ab5b8-eeb7-4812-9fe3-6dd69bd20cea\"}",
  {
    "namespace": "chronicle:ns:testns:5a0ab5b8-eeb7-4812-9fe3-6dd69bd20cea",
    "resource": "chronicle:activity:testactivity_65"
  },
  "{\"@id\":\"chronicle:activity:testactivity_65\",\"@type\":\"prov:Activity\",\"namespace\":\"chronicle:ns:testns:5a0ab5b8-eeb7-4812-9fe3-6dd69bd20cea\",\"label\":\"testactivity_65\"}",
  {
    "namespace": "chronicle:ns:testns:5a0ab5b8-eeb7-4812-9fe3-6dd69bd20cea",
    "resource": "chronicle:activity:testactivity_66"
  },
  "{\"@id\":\"chronicle:activity:testactivity_66\",\"@type\":\"prov:Activity\",\"namespace\":\"chronicle:ns:testns:5a0ab5b8-eeb7-4812-9fe3-6dd69bd20cea\",\"label\":\"testactivity_66\"}",
  {
    "namespace": "chronicle:ns:testns:5a0ab5b8-eeb7-4812-9fe3-6dd69bd20cea",
    "resource": "chronicle:activity:testactivity_67"
  },
  "{\"@id\":\"chronicle:activity:testactivity_67\",\"@type\":\"prov:Activity\",\"label\":\"testactivity_67\",\"namespace\":\"chronicle:ns:testns:5a0ab5b8-eeb7-4812-9fe3-6dd69bd20cea\"}",
  {
    "namespace": "chronicle:ns:testns:5a0ab5b8-eeb7-4812-9fe3-6dd69bd20cea",
    "resource": "chronicle:activity:testactivity_68"
  },
  "{\"@id\":\"chronicle:activity:testactivity_68\",\"@type\":\"prov:Activity\",\"label\":\"testactivity_68\",\"namespace\":\"chronicle:ns:testns:5a0ab5b8-eeb7-4812-9fe3-6dd69bd20cea\"}",
  {
    "namespace": "chronicle:ns:testns:5a0ab5b8-eeb7-4812-9fe3-6dd69bd20cea",
    "resource": "chronicle:activity:testactivity_69"
  },
  "{\"@id\":\"chronicle:activity:testactivity_69\",\"@type\":\"prov:Activity\",\"label\":\"testactivity_69\",\"namespace\":\"chronicle:ns:testns:5a0ab5b8-eeb7-4812-9fe3-6dd69bd20cea\"}",
  {
    "namespace": "chronicle:ns:testns:5a0ab5b8-eeb7-4812-9fe3-6dd69bd20cea",
    "resource": "chronicle:activity:testactivity_7"
  },
  "{\"@id\":\"chronicle:activity:testactivity_7\",\"@type\":\"prov:Activity\",\"namespace\":\"chronicle:ns:testns:5a0ab5b8-eeb7-4812-9fe3-6dd69bd20cea\",\"label\":\"testactivity_7\"}",
  {
    "namespace": "chronicle:ns:testns:5a0ab5b8-eeb7-4812-9fe3-6dd69bd20cea",
    "resource": "chronicle:activity:testactivity_70"
  },
  "{\"@id\":\"chronicle:activity:testactivity_70\",\"@type\":\"prov:Activity\",\"namespace\":\"chronicle:ns:testns:5a0ab5b8-eeb7-4812-9fe3-6dd69bd20cea\",\"label\":\"testactivity_70\"}",
  {
    "namespace": "chronicle:ns:testns:5a0ab5b8-eeb7-4812-9fe3-6dd69bd20cea",
    "resource": "chronicle:activity:testactivity_71"
  },
  "{\"@id\":\"chronicle:activity:testactivity_71\",\"@type\":\"prov:Activity\",\"label\":\"testactivity_71\",\"namespace\":\"chronicle:ns:testns:5a0ab5b8-eeb7-4812-9fe3-6dd69bd20cea\"}",
  {
    "namespace": "chronicle:ns:testns:5a0ab5b8-eeb7-4812-9fe3-6dd69bd20cea",
    "resource": "chronicle:activity:testactivity_72"
  },
  "{\"@id\":\"chronicle:activity:testactivity_72\",\"@type\":\"prov:Activity\",\"namespace\":\"chronicle:ns:testns:5a0ab5b8-eeb7-4812-9fe3-6dd69bd20cea\",\"label\":\"testactivity_72\"}",
  {
    "namespace": "chronicle:ns:testns:5a0ab5b8-eeb7-4812-9fe3-6dd69bd20cea",
    "resource": "chronicle:activity:testactivity_73"
  },
  "{\"@id\":\"chronicle:activity:testactivity_73\",\"@type\":\"prov:Activity\",\"namespace\":\"chronicle:ns:testns:5a0ab5b8-eeb7-4812-9fe3-6dd69bd20cea\",\"label\":\"testactivity_73\"}",
  {
    "namespace": "chronicle:ns:testns:5a0ab5b8-eeb7-4812-9fe3-6dd69bd20cea",
    "resource": "chronicle:activity:testactivity_74"
  },
  "{\"@id\":\"chronicle:activity:testactivity_74\",\"@type\":\"prov:Activity\",\"label\":\"testactivity_74\",\"namespace\":\"chronicle:ns:testns:5a0ab5b8-eeb7-4812-9fe3-6dd69bd20cea\"}",
  {
    "namespace": "chronicle:ns:testns:5a0ab5b8-eeb7-4812-9fe3-6dd69bd20cea",
    "resource": "chronicle:activity:testactivity_75"
  },
  "{\"@id\":\"chronicle:activity:testactivity_75\",\"@type\":\"prov:Activity\",\"label\":\"testactivity_75\",\"namespace\":\"chronicle:ns:testns:5a0ab5b8-eeb7-4812-9fe3-6dd69bd20cea\"}",
  {
    "namespace": "chronicle:ns:testns:5a0ab5b8-eeb7-4812-9fe3-6dd69bd20cea",
    "resource": "chronicle:activity:testactivity_76"
  },
  "{\"@id\":\"chronicle:activity:testactivity_76\",\"@type\":\"prov:Activity\",\"namespace\":\"chronicle:ns:testns:5a0ab5b8-eeb7-4812-9fe3-6dd69bd20cea\",\"label\":\"testactivity_76\"}",
  {
    "namespace": "chronicle:ns:testns:5a0ab5b8-eeb7-4812-9fe3-6dd69bd20cea",
    "resource": "chronicle:activity:testactivity_77"
  },
  "{\"@id\":\"chronicle:activity:testactivity_77\",\"@type\":\"prov:Activity\",\"label\":\"testactivity_77\",\"namespace\":\"chronicle:ns:testns:5a0ab5b8-eeb7-4812-9fe3-6dd69bd20cea\"}",
  {
    "namespace": "chronicle:ns:testns:5a0ab5b8-eeb7-4812-9fe3-6dd69bd20cea",
    "resource": "chronicle:activity:testactivity_78"
  },
  "{\"@id\":\"chronicle:activity:testactivity_78\",\"@type\":\"prov:Activity\",\"namespace\":\"chronicle:ns:testns:5a0ab5b8-eeb7-4812-9fe3-6dd69bd20cea\",\"label\":\"testactivity_78\"}",
  {
    "namespace": "chronicle:ns:testns:5a0ab5b8-eeb7-4812-9fe3-6dd69bd20cea",
    "resource": "chronicle:activity:testactivity_79"
  },
  "{\"@id\":\"chronicle:activity:testactivity_79\",\"@type\":\"prov:Activity\",\"namespace\":\"chronicle:ns:testns:5a0ab5b8-eeb7-4812-9fe3-6dd69bd20cea\",\"label\":\"testactivity_79\"}",
  {
    "namespace": "chronicle:ns:testns:5a0ab5b8-eeb7-4812-9fe3-6dd69bd20cea",
    "resource": "chronicle:activity:testactivity_8"
  },
  "{\"@id\":\"chronicle:activity:testactivity_8\",\"@type\":\"prov:Activity\",\"label\":\"testactivity_8\",\"namespace\":\"chronicle:ns:testns:5a0ab5b8-eeb7-4812-9fe3-6dd69bd20cea\"}",
  {
    "namespace": "chronicle:ns:testns:5a0ab5b8-eeb7-4812-9fe3-6dd69bd20cea",
    "resource": "chronicle:activity:testactivity_80"
  },
  "{\"@id\":\"chronicle:activity:testactivity_80\",\"@type\":\"prov:Activity\",\"label\":\"testactivity_80\",\"namespace\":\"chronicle:ns:testns:5a0ab5b8-eeb7-4812-9fe3-6dd69bd20cea\"}",
  {
    "namespace": "chronicle:ns:testns:5a0ab5b8-eeb7-4812-9fe3-6dd69bd20cea",
    "resource": "chronicle:activity:testactivity_81"
  },
  "{\"@id\":\"chronicle:activity:testactivity_81\",\"@type\":\"prov:Activity\",\"namespace\":\"chronicle:ns:testns:5a0ab5b8-eeb7-4812-9fe3-6dd69bd20cea\",\"label\":\"testactivity_81\"}",
  {
    "namespace": "chronicle:ns:testns:5a0ab5b8-eeb7-4812-9fe3-6dd69bd20cea",
    "resource": "chronicle:activity:testactivity_82"
  },
  "{\"@id\":\"chronicle:activity:testactivity_82\",\"@type\":\"prov:Activity\",\"label\":\"testactivity_82\",\"namespace\":\"chronicle:ns:testns:5a0ab5b8-eeb7-4812-9fe3-6dd69bd20cea\"}",
  {
    "namespace": "chronicle:ns:testns:5a0ab5b8-eeb7-4812-9fe3-6dd69bd20cea",
    "resource": "chronicle:activity:testactivity_83"
  },
  "{\"@id\":\"chronicle:activity:testactivity_83\",\"@type\":\"prov:Activity\",\"namespace\":\"chronicle:ns:testns:5a0ab5b8-eeb7-4812-9fe3-6dd69bd20cea\",\"label\":\"testactivity_83\"}",
  {
    "namespace": "chronicle:ns:testns:5a0ab5b8-eeb7-4812-9fe3-6dd69bd20cea",
    "resource": "chronicle:activity:testactivity_84"
  },
  "{\"@id\":\"chronicle:activity:testactivity_84\",\"@type\":\"prov:Activity\",\"namespace\":\"chronicle:ns:testns:5a0ab5b8-eeb7-4812-9fe3-6dd69bd20cea\",\"label\":\"testactivity_84\"}",
  {
    "namespace": "chronicle:ns:testns:5a0ab5b8-eeb7-4812-9fe3-6dd69bd20cea",
    "resource": "chronicle:activity:testactivity_85"
  },
  "{\"@id\":\"chronicle:activity:testactivity_85\",\"@type\":\"prov:Activity\",\"label\":\"testactivity_85\",\"namespace\":\"chronicle:ns:testns:5a0ab5b8-eeb7-4812-9fe3-6dd69bd20cea\"}",
  {
    "namespace": "chronicle:ns:testns:5a0ab5b8-eeb7-4812-9fe3-6dd69bd20cea",
    "resource": "chronicle:activity:testactivity_86"
  },
  "{\"@id\":\"chronicle:activity:testactivity_86\",\"@type\":\"prov:Activity\",\"label\":\"testactivity_86\",\"namespace\":\"chronicle:ns:testns:5a0ab5b8-eeb7-4812-9fe3-6dd69bd20cea\"}",
  {
    "namespace": "chronicle:ns:testns:5a0ab5b8-eeb7-4812-9fe3-6dd69bd20cea",
    "resource": "chronicle:activity:testactivity_87"
  },
  "{\"@id\":\"chronicle:activity:testactivity_87\",\"@type\":\"prov:Activity\",\"namespace\":\"chronicle:ns:testns:5a0ab5b8-eeb7-4812-9fe3-6dd69bd20cea\",\"label\":\"testactivity_87\"}",
  {
    "namespace": "chronicle:ns:testns:5a0ab5b8-eeb7-4812-9fe3-6dd69bd20cea",
    "resource": "chronicle:activity:testactivity_88"
  },
  "{\"@id\":\"chronicle:activity:testactivity_88\",\"@type\":\"prov:Activity\",\"label\":\"testactivity_88\",\"namespace\":\"chronicle:ns:testns:5a0ab5b8-eeb7-4812-9fe3-6dd69bd20cea\"}",
  {
    "namespace": "chronicle:ns:testns:5a0ab5b8-eeb7-4812-9fe3-6dd69bd20cea",
    "resource": "chronicle:activity:testactivity_89"
  },
  "{\"@id\":\"chronicle:activity:testactivity_89\",\"@type\":\"prov:Activity\",\"namespace\":\"chronicle:ns:testns:5a0ab5b8-eeb7-4812-9fe3-6dd69bd20cea\",\"label\":\"testactivity_89\"}",
  {
    "namespace": "chronicle:ns:testns:5a0ab5b8-eeb7-4812-9fe3-6dd69bd20cea",
    "resource": "chronicle:activity:testactivity_9"
  },
  "{\"@id\":\"chronicle:activity:testactivity_9\",\"@type\":\"prov:Activity\",\"label\":\"testactivity_9\",\"namespace\":\"chronicle:ns:testns:5a0ab5b8-eeb7-4812-9fe3-6dd69bd20cea\"}",
  {
    "namespace": "chronicle:ns:testns:5a0ab5b8-eeb7-4812-9fe3-6dd69bd20cea",
    "resource": "chronicle:activity:testactivity_90"
  },
  "{\"@id\":\"chronicle:activity:testactivity_90\",\"@type\":\"prov:Activity\",\"namespace\":\"chronicle:ns:testns:5a0ab5b8-eeb7-4812-9fe3-6dd69bd20cea\",\"label\":\"testactivity_90\"}",
  {
    "namespace": "chronicle:ns:testns:5a0ab5b8-eeb7-4812-9fe3-6dd69bd20cea",
    "resource": "chronicle:activity:testactivity_91"
  },
  "{\"@id\":\"chronicle:activity:testactivity_91\",\"@type\":\"prov:Activity\",\"label\":\"testactivity_91\",\"namespace\":\"chronicle:ns:testns:5a0ab5b8-eeb7-4812-9fe3-6dd69bd20cea\"}",
  {
    "namespace": "chronicle:ns:testns:5a0ab5b8-eeb7-4812-9fe3-6dd69bd20cea",
    "resource": "chronicle:activity:testactivity_92"
  },
  "{\"@id\":\"chronicle:activity:testactivity_92\",\"@type\":\"prov:Activity\",\"namespace\":\"chronicle:ns:testns:5a0ab5b8-eeb7-4812-9fe3-6dd69bd20cea\",\"label\":\"testactivity_92\"}",
  {
    "namespace": "chronicle:ns:testns:5a0ab5b8-eeb7-4812-9fe3-6dd69bd20cea",
    "resource": "chronicle:activity:testactivity_93"
  },
  "{\"@id\":\"chronicle:activity:testactivity_93\",\"@type\":\"prov:Activity\",\"namespace\":\"chronicle:ns:testns:5a0ab5b8-eeb7-4812-9fe3-6dd69bd20cea\",\"label\":\"testactivity_93\"}",
  {
    "namespace": "chronicle:ns:testns:5a0ab5b8-eeb7-4812-9fe3-6dd69bd20cea",
    "resource": "chronicle:activity:testactivity_94"
  },
  "{\"@id\":\"chronicle:activity:testactivity_94\",\"@type\":\"prov:Activity\",\"namespace\":\"chronicle:ns:testns:5a0ab5b8-eeb7-4812-9fe3-6dd69bd20cea\",\"label\":\"testactivity_94\"}",
  {
    "namespace": "chronicle:ns:testns:5a0ab5b8-eeb7-4812-9fe3-6dd69bd20cea",
    "resource": "chronicle:activity:testactivity_95"
  },
  "{\"@id\":\"chronicle:activity:testactivity_95\",\"@type\":\"prov:Activity\",\"label\":\"testactivity_95\",\"namespace\":\"chronicle:ns:testns:5a0ab5b8-eeb7-4812-9fe3-6dd69bd20cea\"}",
  {
    "namespace": "chronicle:ns:testns:5a0ab5b8-eeb7-4812-9fe3-6dd69bd20cea",
    "resource": "chronicle:activity:testactivity_96"
  },
  "{\"@id\":\"chronicle:activity:testactivity_96\",\"@type\":\"prov:Activity\",\"namespace\":\"chronicle:ns:testns:5a0ab5b8-eeb7-4812-9fe3-6dd69bd20cea\",\"label\":\"testactivity_96\"}",
  {
    "namespace": "chronicle:ns:testns:5a0ab5b8-eeb7-4812-9fe3-6dd69bd20cea",
    "resource": "chronicle:activity:testactivity_97"
  },
  "{\"@id\":\"chronicle:activity:testactivity_97\",\"@type\":\"prov:Activity\",\"label\":\"testactivity_97\",\"namespace\":\"chronicle:ns:testns:5a0ab5b8-eeb7-4812-9fe3-6dd69bd20cea\"}",
  {
    "namespace": "chronicle:ns:testns:5a0ab5b8-eeb7-4812-9fe3-6dd69bd20cea",
    "resource": "chronicle:activity:testactivity_98"
  },
  "{\"@id\":\"chronicle:activity:testactivity_98\",\"@type\":\"prov:Activity\",\"namespace\":\"chronicle:ns:testns:5a0ab5b8-eeb7-4812-9fe3-6dd69bd20cea\",\"label\":\"testactivity_98\"}",
  {
    "namespace": "chronicle:ns:testns:5a0ab5b8-eeb7-4812-9fe3-6dd69bd20cea",
    "resource": "chronicle:activity:testactivity_99"
  },
  "{\"@id\":\"chronicle:activity:testactivity_99\",\"@type\":\"prov:Activity\",\"label\":\"testactivity_99\",\"namespace\":\"chronicle:ns:testns:5a0ab5b8-eeb7-4812-9fe3-6dd69bd20cea\"}",
  {
    "namespace": "null",
    "resource": "chronicle:ns:testns:5a0ab5b8-eeb7-4812-9fe3-6dd69bd20cea"
  },
  "{\"@id\":\"chronicle:ns:testns:5a0ab5b8-eeb7-4812-9fe3-6dd69bd20cea\",\"@type\":\"chronicle:Namespace\",\"label\":\"testns\"}"
]
