---
source: api/src/lib.rs
expression: api.1

---
- namespaces:
    "http://blockchaintp.com/chronicle/ns#ns:testns:5a0ab5b8-eeb7-4812-9fe3-6dd69bd20cea":
      id: "http://blockchaintp.com/chronicle/ns#ns:testns:5a0ab5b8-eeb7-4812-9fe3-6dd69bd20cea"
      uuid: 5a0ab5b8-eeb7-4812-9fe3-6dd69bd20cea
      name: testns
  agents: {}
  activities: {}
  entities: {}
  was_associated_with: {}
  was_attributed_to: {}
  was_generated_by: {}
  used: {}
- namespaces:
    "http://blockchaintp.com/chronicle/ns#ns:testns:5a0ab5b8-eeb7-4812-9fe3-6dd69bd20cea":
      id: "http://blockchaintp.com/chronicle/ns#ns:testns:5a0ab5b8-eeb7-4812-9fe3-6dd69bd20cea"
      uuid: 5a0ab5b8-eeb7-4812-9fe3-6dd69bd20cea
      name: testns
  agents:
    ? - "http://blockchaintp.com/chronicle/ns#ns:testns:5a0ab5b8-eeb7-4812-9fe3-6dd69bd20cea"
      - "http://blockchaintp.com/chronicle/ns#agent:testagent"
    : id: "http://blockchaintp.com/chronicle/ns#agent:testagent"
      namespaceid: "http://blockchaintp.com/chronicle/ns#ns:testns:5a0ab5b8-eeb7-4812-9fe3-6dd69bd20cea"
      name: testagent
      domaintypeid: ~
      publickey: 029661abae004943aa0c8ad0cd1071004b8d0d57c54bc67e5f1ea79082e1ef2f66
  activities: {}
  entities: {}
  was_associated_with: {}
  was_attributed_to: {}
  was_generated_by: {}
  used: {}

