---
source: api/src/lib.rs
assertion_line: 1018
expression: "serde_json::to_string_pretty(&v).unwrap()"

---
{
  "@context": {
    "@version": 1.1,
    "activity": {
      "@id": "prov:activity",
      "@type": "@id"
    },
    "agent": {
      "@id": "prov:agent",
      "@type": "@id"
    },
    "associated": {
      "@container": "@set",
      "@id": "prov:wasAssociatedWith",
      "@type": "@id"
    },
    "chronicle": "http://blockchaintp.com/chronicle/ns#",
    "endTime": {
      "@id": "prov:endedAtTime"
    },
    "entity": {
      "@id": "prov:entity",
      "@type": "@id"
    },
    "generatedBy": {
      "@container": "@set",
      "@id": "prov:wasGeneratedBy",
      "@type": "@id"
    },
    "label": {
      "@id": "rdfs:label"
    },
    "namespace": {
      "@id": "chronicle:hasNamespace",
      "@type": "@id"
    },
    "prov": "http://www.w3.org/ns/prov#",
    "provext": "https://openprovenance.org/ns/provext#",
    "publicKey": {
      "@id": "chronicle:hasPublicKey"
    },
    "rdf": "http://www.w3.org/1999/02/22-rdf-syntax-ns#",
    "rdfs": "http://www.w3.org/2000/01/rdf-schema#",
    "signature": {
      "@id": "chronicle:entitySignature"
    },
    "signedAtTime": {
      "@id": "chronicle:signedAtTime"
    },
    "source": {
      "@id": "chronicle:entityLocator"
    },
    "startTime": {
      "@id": "prov:startedAtTime"
    },
    "used": {
      "@container": "@set",
      "@id": "prov:used",
      "@type": "@id"
    },
    "xsd": "http://www.w3.org/2001/XMLSchema#"
  },
  "@id": "chronicle:ns:testns:5a0ab5b8-eeb7-4812-9fe3-6dd69bd20cea",
  "@type": "chronicle:Namespace",
  "label": "testns"
}
