---
source: api/src/lib.rs
expression: dump_graph(&api)

---
[
   {
      "@id": "http://blockchaintp.com/chronicle/ns#agent:testagent_0",
      "@type": "http://www.w3.org/ns/prov#Agent",
      "http://www.w3.org/2000/01/rdf-schema#label": [
         {
            "@value": "testagent_0"
         }
      ],
      "http://blockchaintp.com/chronicle/ns#hasNamespace": [
         {
            "@id": "http://blockchaintp.com/chronicle/ns#ns:testns:5a0ab5b8-eeb7-4812-9fe3-6dd69bd20cea"
         }
      ]
   }
]
