---
source: api/src/lib.rs
assertion_line: 1064
expression: api.1

---
namespaces:
  "http://blockchaintp.com/chronicle/ns#ns:testns:5a0ab5b8-eeb7-4812-9fe3-6dd69bd20cea":
    id: "http://blockchaintp.com/chronicle/ns#ns:testns:5a0ab5b8-eeb7-4812-9fe3-6dd69bd20cea"
    uuid: 5a0ab5b8-eeb7-4812-9fe3-6dd69bd20cea
    name: testns
agents:
  ? - "http://blockchaintp.com/chronicle/ns#ns:testns:5a0ab5b8-eeb7-4812-9fe3-6dd69bd20cea"
    - "http://blockchaintp.com/chronicle/ns#agent:testagent"
  : id: "http://blockchaintp.com/chronicle/ns#agent:testagent"
    namespaceid: "http://blockchaintp.com/chronicle/ns#ns:testns:5a0ab5b8-eeb7-4812-9fe3-6dd69bd20cea"
    name: testagent
    domaintypeid: ~
    publickey: 02197db854d8c6a488d4a0ef3ef1fcb0c06d66478fae9e87a237172cf6f6f7de23
activities: {}
entities: {}
was_associated_with: {}
was_attributed_to: {}
was_generated_by: {}
used: {}

