---
source: api/src/lib.rs
assertion_line: 1031
expression: api.1

---
- namespaces:
    "http://blockchaintp.com/chronicle/ns#ns:testns:5a0ab5b8-eeb7-4812-9fe3-6dd69bd20cea":
      id: "http://blockchaintp.com/chronicle/ns#ns:testns:5a0ab5b8-eeb7-4812-9fe3-6dd69bd20cea"
      uuid: 5a0ab5b8-eeb7-4812-9fe3-6dd69bd20cea
      name: testns
  agents: {}
  activities:
    ? - "http://blockchaintp.com/chronicle/ns#ns:testns:5a0ab5b8-eeb7-4812-9fe3-6dd69bd20cea"
      - "http://blockchaintp.com/chronicle/ns#activity:testactivity-1"
    : id: "http://blockchaintp.com/chronicle/ns#activity:testactivity-1"
      namespaceid: "http://blockchaintp.com/chronicle/ns#ns:testns:5a0ab5b8-eeb7-4812-9fe3-6dd69bd20cea"
      name: testactivity-1
      domaintypeid: "http://blockchaintp.com/chronicle/ns#domaintype:testtype"
      started: ~
      ended: ~
  entities: {}
  was_associated_with: {}
  was_attributed_to: {}
  was_generated_by: {}
  used: {}
- namespaces:
    "http://blockchaintp.com/chronicle/ns#ns:testns:5a0ab5b8-eeb7-4812-9fe3-6dd69bd20cea":
      id: "http://blockchaintp.com/chronicle/ns#ns:testns:5a0ab5b8-eeb7-4812-9fe3-6dd69bd20cea"
      uuid: 5a0ab5b8-eeb7-4812-9fe3-6dd69bd20cea
      name: testns
  agents: {}
  activities:
    ? - "http://blockchaintp.com/chronicle/ns#ns:testns:5a0ab5b8-eeb7-4812-9fe3-6dd69bd20cea"
      - "http://blockchaintp.com/chronicle/ns#activity:testactivity-2"
    : id: "http://blockchaintp.com/chronicle/ns#activity:testactivity-2"
      namespaceid: "http://blockchaintp.com/chronicle/ns#ns:testns:5a0ab5b8-eeb7-4812-9fe3-6dd69bd20cea"
      name: testactivity-2
      domaintypeid: "http://blockchaintp.com/chronicle/ns#domaintype:testtype"
      started: ~
      ended: ~
  entities: {}
  was_associated_with: {}
  was_attributed_to: {}
  was_generated_by: {}
  used: {}
- namespaces:
    "http://blockchaintp.com/chronicle/ns#ns:testns:5a0ab5b8-eeb7-4812-9fe3-6dd69bd20cea":
      id: "http://blockchaintp.com/chronicle/ns#ns:testns:5a0ab5b8-eeb7-4812-9fe3-6dd69bd20cea"
      uuid: 5a0ab5b8-eeb7-4812-9fe3-6dd69bd20cea
      name: testns
  agents: {}
  activities:
    ? - "http://blockchaintp.com/chronicle/ns#ns:testns:5a0ab5b8-eeb7-4812-9fe3-6dd69bd20cea"
      - "http://blockchaintp.com/chronicle/ns#activity:testactivity-3"
    : id: "http://blockchaintp.com/chronicle/ns#activity:testactivity-3"
      namespaceid: "http://blockchaintp.com/chronicle/ns#ns:testns:5a0ab5b8-eeb7-4812-9fe3-6dd69bd20cea"
      name: testactivity-3
      domaintypeid: "http://blockchaintp.com/chronicle/ns#domaintype:testtype"
      started: ~
      ended: ~
  entities: {}
  was_associated_with: {}
  was_attributed_to: {}
  was_generated_by: {}
  used: {}
- namespaces:
    "http://blockchaintp.com/chronicle/ns#ns:testns:5a0ab5b8-eeb7-4812-9fe3-6dd69bd20cea":
      id: "http://blockchaintp.com/chronicle/ns#ns:testns:5a0ab5b8-eeb7-4812-9fe3-6dd69bd20cea"
      uuid: 5a0ab5b8-eeb7-4812-9fe3-6dd69bd20cea
      name: testns
  agents: {}
  activities:
    ? - "http://blockchaintp.com/chronicle/ns#ns:testns:5a0ab5b8-eeb7-4812-9fe3-6dd69bd20cea"
      - "http://blockchaintp.com/chronicle/ns#activity:testactivity-4"
    : id: "http://blockchaintp.com/chronicle/ns#activity:testactivity-4"
      namespaceid: "http://blockchaintp.com/chronicle/ns#ns:testns:5a0ab5b8-eeb7-4812-9fe3-6dd69bd20cea"
      name: testactivity-4
      domaintypeid: "http://blockchaintp.com/chronicle/ns#domaintype:testtype"
      started: ~
      ended: ~
  entities: {}
  was_associated_with: {}
  was_attributed_to: {}
  was_generated_by: {}
  used: {}
- namespaces:
    "http://blockchaintp.com/chronicle/ns#ns:testns:5a0ab5b8-eeb7-4812-9fe3-6dd69bd20cea":
      id: "http://blockchaintp.com/chronicle/ns#ns:testns:5a0ab5b8-eeb7-4812-9fe3-6dd69bd20cea"
      uuid: 5a0ab5b8-eeb7-4812-9fe3-6dd69bd20cea
      name: testns
  agents: {}
  activities:
    ? - "http://blockchaintp.com/chronicle/ns#ns:testns:5a0ab5b8-eeb7-4812-9fe3-6dd69bd20cea"
      - "http://blockchaintp.com/chronicle/ns#activity:testactivity-5"
    : id: "http://blockchaintp.com/chronicle/ns#activity:testactivity-5"
      namespaceid: "http://blockchaintp.com/chronicle/ns#ns:testns:5a0ab5b8-eeb7-4812-9fe3-6dd69bd20cea"
      name: testactivity-5
      domaintypeid: "http://blockchaintp.com/chronicle/ns#domaintype:testtype"
      started: ~
      ended: ~
  entities: {}
  was_associated_with: {}
  was_attributed_to: {}
  was_generated_by: {}
  used: {}
- namespaces:
    "http://blockchaintp.com/chronicle/ns#ns:testns:5a0ab5b8-eeb7-4812-9fe3-6dd69bd20cea":
      id: "http://blockchaintp.com/chronicle/ns#ns:testns:5a0ab5b8-eeb7-4812-9fe3-6dd69bd20cea"
      uuid: 5a0ab5b8-eeb7-4812-9fe3-6dd69bd20cea
      name: testns
  agents: {}
  activities:
    ? - "http://blockchaintp.com/chronicle/ns#ns:testns:5a0ab5b8-eeb7-4812-9fe3-6dd69bd20cea"
      - "http://blockchaintp.com/chronicle/ns#activity:testactivity-6"
    : id: "http://blockchaintp.com/chronicle/ns#activity:testactivity-6"
      namespaceid: "http://blockchaintp.com/chronicle/ns#ns:testns:5a0ab5b8-eeb7-4812-9fe3-6dd69bd20cea"
      name: testactivity-6
      domaintypeid: "http://blockchaintp.com/chronicle/ns#domaintype:testtype"
      started: ~
      ended: ~
  entities: {}
  was_associated_with: {}
  was_attributed_to: {}
  was_generated_by: {}
  used: {}
- namespaces:
    "http://blockchaintp.com/chronicle/ns#ns:testns:5a0ab5b8-eeb7-4812-9fe3-6dd69bd20cea":
      id: "http://blockchaintp.com/chronicle/ns#ns:testns:5a0ab5b8-eeb7-4812-9fe3-6dd69bd20cea"
      uuid: 5a0ab5b8-eeb7-4812-9fe3-6dd69bd20cea
      name: testns
  agents: {}
  activities:
    ? - "http://blockchaintp.com/chronicle/ns#ns:testns:5a0ab5b8-eeb7-4812-9fe3-6dd69bd20cea"
      - "http://blockchaintp.com/chronicle/ns#activity:testactivity-7"
    : id: "http://blockchaintp.com/chronicle/ns#activity:testactivity-7"
      namespaceid: "http://blockchaintp.com/chronicle/ns#ns:testns:5a0ab5b8-eeb7-4812-9fe3-6dd69bd20cea"
      name: testactivity-7
      domaintypeid: "http://blockchaintp.com/chronicle/ns#domaintype:testtype"
      started: ~
      ended: ~
  entities: {}
  was_associated_with: {}
  was_attributed_to: {}
  was_generated_by: {}
  used: {}
- namespaces:
    "http://blockchaintp.com/chronicle/ns#ns:testns:5a0ab5b8-eeb7-4812-9fe3-6dd69bd20cea":
      id: "http://blockchaintp.com/chronicle/ns#ns:testns:5a0ab5b8-eeb7-4812-9fe3-6dd69bd20cea"
      uuid: 5a0ab5b8-eeb7-4812-9fe3-6dd69bd20cea
      name: testns
  agents: {}
  activities:
    ? - "http://blockchaintp.com/chronicle/ns#ns:testns:5a0ab5b8-eeb7-4812-9fe3-6dd69bd20cea"
      - "http://blockchaintp.com/chronicle/ns#activity:testactivity-8"
    : id: "http://blockchaintp.com/chronicle/ns#activity:testactivity-8"
      namespaceid: "http://blockchaintp.com/chronicle/ns#ns:testns:5a0ab5b8-eeb7-4812-9fe3-6dd69bd20cea"
      name: testactivity-8
      domaintypeid: "http://blockchaintp.com/chronicle/ns#domaintype:testtype"
      started: ~
      ended: ~
  entities: {}
  was_associated_with: {}
  was_attributed_to: {}
  was_generated_by: {}
  used: {}
- namespaces:
    "http://blockchaintp.com/chronicle/ns#ns:testns:5a0ab5b8-eeb7-4812-9fe3-6dd69bd20cea":
      id: "http://blockchaintp.com/chronicle/ns#ns:testns:5a0ab5b8-eeb7-4812-9fe3-6dd69bd20cea"
      uuid: 5a0ab5b8-eeb7-4812-9fe3-6dd69bd20cea
      name: testns
  agents: {}
  activities:
    ? - "http://blockchaintp.com/chronicle/ns#ns:testns:5a0ab5b8-eeb7-4812-9fe3-6dd69bd20cea"
      - "http://blockchaintp.com/chronicle/ns#activity:testactivity-9"
    : id: "http://blockchaintp.com/chronicle/ns#activity:testactivity-9"
      namespaceid: "http://blockchaintp.com/chronicle/ns#ns:testns:5a0ab5b8-eeb7-4812-9fe3-6dd69bd20cea"
      name: testactivity-9
      domaintypeid: "http://blockchaintp.com/chronicle/ns#domaintype:testtype"
      started: ~
      ended: ~
  entities: {}
  was_associated_with: {}
  was_attributed_to: {}
  was_generated_by: {}
  used: {}
- namespaces:
    "http://blockchaintp.com/chronicle/ns#ns:testns:5a0ab5b8-eeb7-4812-9fe3-6dd69bd20cea":
      id: "http://blockchaintp.com/chronicle/ns#ns:testns:5a0ab5b8-eeb7-4812-9fe3-6dd69bd20cea"
      uuid: 5a0ab5b8-eeb7-4812-9fe3-6dd69bd20cea
      name: testns
  agents: {}
  activities:
    ? - "http://blockchaintp.com/chronicle/ns#ns:testns:5a0ab5b8-eeb7-4812-9fe3-6dd69bd20cea"
      - "http://blockchaintp.com/chronicle/ns#activity:testactivity-10"
    : id: "http://blockchaintp.com/chronicle/ns#activity:testactivity-10"
      namespaceid: "http://blockchaintp.com/chronicle/ns#ns:testns:5a0ab5b8-eeb7-4812-9fe3-6dd69bd20cea"
      name: testactivity-10
      domaintypeid: "http://blockchaintp.com/chronicle/ns#domaintype:testtype"
      started: ~
      ended: ~
  entities: {}
  was_associated_with: {}
  was_attributed_to: {}
  was_generated_by: {}
  used: {}
- namespaces:
    "http://blockchaintp.com/chronicle/ns#ns:testns:5a0ab5b8-eeb7-4812-9fe3-6dd69bd20cea":
      id: "http://blockchaintp.com/chronicle/ns#ns:testns:5a0ab5b8-eeb7-4812-9fe3-6dd69bd20cea"
      uuid: 5a0ab5b8-eeb7-4812-9fe3-6dd69bd20cea
      name: testns
  agents: {}
  activities:
    ? - "http://blockchaintp.com/chronicle/ns#ns:testns:5a0ab5b8-eeb7-4812-9fe3-6dd69bd20cea"
      - "http://blockchaintp.com/chronicle/ns#activity:testactivity-11"
    : id: "http://blockchaintp.com/chronicle/ns#activity:testactivity-11"
      namespaceid: "http://blockchaintp.com/chronicle/ns#ns:testns:5a0ab5b8-eeb7-4812-9fe3-6dd69bd20cea"
      name: testactivity-11
      domaintypeid: "http://blockchaintp.com/chronicle/ns#domaintype:testtype"
      started: ~
      ended: ~
  entities: {}
  was_associated_with: {}
  was_attributed_to: {}
  was_generated_by: {}
  used: {}
- namespaces:
    "http://blockchaintp.com/chronicle/ns#ns:testns:5a0ab5b8-eeb7-4812-9fe3-6dd69bd20cea":
      id: "http://blockchaintp.com/chronicle/ns#ns:testns:5a0ab5b8-eeb7-4812-9fe3-6dd69bd20cea"
      uuid: 5a0ab5b8-eeb7-4812-9fe3-6dd69bd20cea
      name: testns
  agents: {}
  activities:
    ? - "http://blockchaintp.com/chronicle/ns#ns:testns:5a0ab5b8-eeb7-4812-9fe3-6dd69bd20cea"
      - "http://blockchaintp.com/chronicle/ns#activity:testactivity-12"
    : id: "http://blockchaintp.com/chronicle/ns#activity:testactivity-12"
      namespaceid: "http://blockchaintp.com/chronicle/ns#ns:testns:5a0ab5b8-eeb7-4812-9fe3-6dd69bd20cea"
      name: testactivity-12
      domaintypeid: "http://blockchaintp.com/chronicle/ns#domaintype:testtype"
      started: ~
      ended: ~
  entities: {}
  was_associated_with: {}
  was_attributed_to: {}
  was_generated_by: {}
  used: {}
- namespaces:
    "http://blockchaintp.com/chronicle/ns#ns:testns:5a0ab5b8-eeb7-4812-9fe3-6dd69bd20cea":
      id: "http://blockchaintp.com/chronicle/ns#ns:testns:5a0ab5b8-eeb7-4812-9fe3-6dd69bd20cea"
      uuid: 5a0ab5b8-eeb7-4812-9fe3-6dd69bd20cea
      name: testns
  agents: {}
  activities:
    ? - "http://blockchaintp.com/chronicle/ns#ns:testns:5a0ab5b8-eeb7-4812-9fe3-6dd69bd20cea"
      - "http://blockchaintp.com/chronicle/ns#activity:testactivity-13"
    : id: "http://blockchaintp.com/chronicle/ns#activity:testactivity-13"
      namespaceid: "http://blockchaintp.com/chronicle/ns#ns:testns:5a0ab5b8-eeb7-4812-9fe3-6dd69bd20cea"
      name: testactivity-13
      domaintypeid: "http://blockchaintp.com/chronicle/ns#domaintype:testtype"
      started: ~
      ended: ~
  entities: {}
  was_associated_with: {}
  was_attributed_to: {}
  was_generated_by: {}
  used: {}
- namespaces:
    "http://blockchaintp.com/chronicle/ns#ns:testns:5a0ab5b8-eeb7-4812-9fe3-6dd69bd20cea":
      id: "http://blockchaintp.com/chronicle/ns#ns:testns:5a0ab5b8-eeb7-4812-9fe3-6dd69bd20cea"
      uuid: 5a0ab5b8-eeb7-4812-9fe3-6dd69bd20cea
      name: testns
  agents: {}
  activities:
    ? - "http://blockchaintp.com/chronicle/ns#ns:testns:5a0ab5b8-eeb7-4812-9fe3-6dd69bd20cea"
      - "http://blockchaintp.com/chronicle/ns#activity:testactivity-14"
    : id: "http://blockchaintp.com/chronicle/ns#activity:testactivity-14"
      namespaceid: "http://blockchaintp.com/chronicle/ns#ns:testns:5a0ab5b8-eeb7-4812-9fe3-6dd69bd20cea"
      name: testactivity-14
      domaintypeid: "http://blockchaintp.com/chronicle/ns#domaintype:testtype"
      started: ~
      ended: ~
  entities: {}
  was_associated_with: {}
  was_attributed_to: {}
  was_generated_by: {}
  used: {}
- namespaces:
    "http://blockchaintp.com/chronicle/ns#ns:testns:5a0ab5b8-eeb7-4812-9fe3-6dd69bd20cea":
      id: "http://blockchaintp.com/chronicle/ns#ns:testns:5a0ab5b8-eeb7-4812-9fe3-6dd69bd20cea"
      uuid: 5a0ab5b8-eeb7-4812-9fe3-6dd69bd20cea
      name: testns
  agents: {}
  activities:
    ? - "http://blockchaintp.com/chronicle/ns#ns:testns:5a0ab5b8-eeb7-4812-9fe3-6dd69bd20cea"
      - "http://blockchaintp.com/chronicle/ns#activity:testactivity-15"
    : id: "http://blockchaintp.com/chronicle/ns#activity:testactivity-15"
      namespaceid: "http://blockchaintp.com/chronicle/ns#ns:testns:5a0ab5b8-eeb7-4812-9fe3-6dd69bd20cea"
      name: testactivity-15
      domaintypeid: "http://blockchaintp.com/chronicle/ns#domaintype:testtype"
      started: ~
      ended: ~
  entities: {}
  was_associated_with: {}
  was_attributed_to: {}
  was_generated_by: {}
  used: {}
- namespaces:
    "http://blockchaintp.com/chronicle/ns#ns:testns:5a0ab5b8-eeb7-4812-9fe3-6dd69bd20cea":
      id: "http://blockchaintp.com/chronicle/ns#ns:testns:5a0ab5b8-eeb7-4812-9fe3-6dd69bd20cea"
      uuid: 5a0ab5b8-eeb7-4812-9fe3-6dd69bd20cea
      name: testns
  agents: {}
  activities:
    ? - "http://blockchaintp.com/chronicle/ns#ns:testns:5a0ab5b8-eeb7-4812-9fe3-6dd69bd20cea"
      - "http://blockchaintp.com/chronicle/ns#activity:testactivity-16"
    : id: "http://blockchaintp.com/chronicle/ns#activity:testactivity-16"
      namespaceid: "http://blockchaintp.com/chronicle/ns#ns:testns:5a0ab5b8-eeb7-4812-9fe3-6dd69bd20cea"
      name: testactivity-16
      domaintypeid: "http://blockchaintp.com/chronicle/ns#domaintype:testtype"
      started: ~
      ended: ~
  entities: {}
  was_associated_with: {}
  was_attributed_to: {}
  was_generated_by: {}
  used: {}
- namespaces:
    "http://blockchaintp.com/chronicle/ns#ns:testns:5a0ab5b8-eeb7-4812-9fe3-6dd69bd20cea":
      id: "http://blockchaintp.com/chronicle/ns#ns:testns:5a0ab5b8-eeb7-4812-9fe3-6dd69bd20cea"
      uuid: 5a0ab5b8-eeb7-4812-9fe3-6dd69bd20cea
      name: testns
  agents: {}
  activities:
    ? - "http://blockchaintp.com/chronicle/ns#ns:testns:5a0ab5b8-eeb7-4812-9fe3-6dd69bd20cea"
      - "http://blockchaintp.com/chronicle/ns#activity:testactivity-17"
    : id: "http://blockchaintp.com/chronicle/ns#activity:testactivity-17"
      namespaceid: "http://blockchaintp.com/chronicle/ns#ns:testns:5a0ab5b8-eeb7-4812-9fe3-6dd69bd20cea"
      name: testactivity-17
      domaintypeid: "http://blockchaintp.com/chronicle/ns#domaintype:testtype"
      started: ~
      ended: ~
  entities: {}
  was_associated_with: {}
  was_attributed_to: {}
  was_generated_by: {}
  used: {}
- namespaces:
    "http://blockchaintp.com/chronicle/ns#ns:testns:5a0ab5b8-eeb7-4812-9fe3-6dd69bd20cea":
      id: "http://blockchaintp.com/chronicle/ns#ns:testns:5a0ab5b8-eeb7-4812-9fe3-6dd69bd20cea"
      uuid: 5a0ab5b8-eeb7-4812-9fe3-6dd69bd20cea
      name: testns
  agents: {}
  activities:
    ? - "http://blockchaintp.com/chronicle/ns#ns:testns:5a0ab5b8-eeb7-4812-9fe3-6dd69bd20cea"
      - "http://blockchaintp.com/chronicle/ns#activity:testactivity-18"
    : id: "http://blockchaintp.com/chronicle/ns#activity:testactivity-18"
      namespaceid: "http://blockchaintp.com/chronicle/ns#ns:testns:5a0ab5b8-eeb7-4812-9fe3-6dd69bd20cea"
      name: testactivity-18
      domaintypeid: "http://blockchaintp.com/chronicle/ns#domaintype:testtype"
      started: ~
      ended: ~
  entities: {}
  was_associated_with: {}
  was_attributed_to: {}
  was_generated_by: {}
  used: {}
- namespaces:
    "http://blockchaintp.com/chronicle/ns#ns:testns:5a0ab5b8-eeb7-4812-9fe3-6dd69bd20cea":
      id: "http://blockchaintp.com/chronicle/ns#ns:testns:5a0ab5b8-eeb7-4812-9fe3-6dd69bd20cea"
      uuid: 5a0ab5b8-eeb7-4812-9fe3-6dd69bd20cea
      name: testns
  agents: {}
  activities:
    ? - "http://blockchaintp.com/chronicle/ns#ns:testns:5a0ab5b8-eeb7-4812-9fe3-6dd69bd20cea"
      - "http://blockchaintp.com/chronicle/ns#activity:testactivity-19"
    : id: "http://blockchaintp.com/chronicle/ns#activity:testactivity-19"
      namespaceid: "http://blockchaintp.com/chronicle/ns#ns:testns:5a0ab5b8-eeb7-4812-9fe3-6dd69bd20cea"
      name: testactivity-19
      domaintypeid: "http://blockchaintp.com/chronicle/ns#domaintype:testtype"
      started: ~
      ended: ~
  entities: {}
  was_associated_with: {}
  was_attributed_to: {}
  was_generated_by: {}
  used: {}
- namespaces:
    "http://blockchaintp.com/chronicle/ns#ns:testns:5a0ab5b8-eeb7-4812-9fe3-6dd69bd20cea":
      id: "http://blockchaintp.com/chronicle/ns#ns:testns:5a0ab5b8-eeb7-4812-9fe3-6dd69bd20cea"
      uuid: 5a0ab5b8-eeb7-4812-9fe3-6dd69bd20cea
      name: testns
  agents: {}
  activities:
    ? - "http://blockchaintp.com/chronicle/ns#ns:testns:5a0ab5b8-eeb7-4812-9fe3-6dd69bd20cea"
      - "http://blockchaintp.com/chronicle/ns#activity:testactivity-20"
    : id: "http://blockchaintp.com/chronicle/ns#activity:testactivity-20"
      namespaceid: "http://blockchaintp.com/chronicle/ns#ns:testns:5a0ab5b8-eeb7-4812-9fe3-6dd69bd20cea"
      name: testactivity-20
      domaintypeid: "http://blockchaintp.com/chronicle/ns#domaintype:testtype"
      started: ~
      ended: ~
  entities: {}
  was_associated_with: {}
  was_attributed_to: {}
  was_generated_by: {}
  used: {}
- namespaces:
    "http://blockchaintp.com/chronicle/ns#ns:testns:5a0ab5b8-eeb7-4812-9fe3-6dd69bd20cea":
      id: "http://blockchaintp.com/chronicle/ns#ns:testns:5a0ab5b8-eeb7-4812-9fe3-6dd69bd20cea"
      uuid: 5a0ab5b8-eeb7-4812-9fe3-6dd69bd20cea
      name: testns
  agents: {}
  activities:
    ? - "http://blockchaintp.com/chronicle/ns#ns:testns:5a0ab5b8-eeb7-4812-9fe3-6dd69bd20cea"
      - "http://blockchaintp.com/chronicle/ns#activity:testactivity-21"
    : id: "http://blockchaintp.com/chronicle/ns#activity:testactivity-21"
      namespaceid: "http://blockchaintp.com/chronicle/ns#ns:testns:5a0ab5b8-eeb7-4812-9fe3-6dd69bd20cea"
      name: testactivity-21
      domaintypeid: "http://blockchaintp.com/chronicle/ns#domaintype:testtype"
      started: ~
      ended: ~
  entities: {}
  was_associated_with: {}
  was_attributed_to: {}
  was_generated_by: {}
  used: {}
- namespaces:
    "http://blockchaintp.com/chronicle/ns#ns:testns:5a0ab5b8-eeb7-4812-9fe3-6dd69bd20cea":
      id: "http://blockchaintp.com/chronicle/ns#ns:testns:5a0ab5b8-eeb7-4812-9fe3-6dd69bd20cea"
      uuid: 5a0ab5b8-eeb7-4812-9fe3-6dd69bd20cea
      name: testns
  agents: {}
  activities:
    ? - "http://blockchaintp.com/chronicle/ns#ns:testns:5a0ab5b8-eeb7-4812-9fe3-6dd69bd20cea"
      - "http://blockchaintp.com/chronicle/ns#activity:testactivity-22"
    : id: "http://blockchaintp.com/chronicle/ns#activity:testactivity-22"
      namespaceid: "http://blockchaintp.com/chronicle/ns#ns:testns:5a0ab5b8-eeb7-4812-9fe3-6dd69bd20cea"
      name: testactivity-22
      domaintypeid: "http://blockchaintp.com/chronicle/ns#domaintype:testtype"
      started: ~
      ended: ~
  entities: {}
  was_associated_with: {}
  was_attributed_to: {}
  was_generated_by: {}
  used: {}
- namespaces:
    "http://blockchaintp.com/chronicle/ns#ns:testns:5a0ab5b8-eeb7-4812-9fe3-6dd69bd20cea":
      id: "http://blockchaintp.com/chronicle/ns#ns:testns:5a0ab5b8-eeb7-4812-9fe3-6dd69bd20cea"
      uuid: 5a0ab5b8-eeb7-4812-9fe3-6dd69bd20cea
      name: testns
  agents: {}
  activities:
    ? - "http://blockchaintp.com/chronicle/ns#ns:testns:5a0ab5b8-eeb7-4812-9fe3-6dd69bd20cea"
      - "http://blockchaintp.com/chronicle/ns#activity:testactivity-23"
    : id: "http://blockchaintp.com/chronicle/ns#activity:testactivity-23"
      namespaceid: "http://blockchaintp.com/chronicle/ns#ns:testns:5a0ab5b8-eeb7-4812-9fe3-6dd69bd20cea"
      name: testactivity-23
      domaintypeid: "http://blockchaintp.com/chronicle/ns#domaintype:testtype"
      started: ~
      ended: ~
  entities: {}
  was_associated_with: {}
  was_attributed_to: {}
  was_generated_by: {}
  used: {}
- namespaces:
    "http://blockchaintp.com/chronicle/ns#ns:testns:5a0ab5b8-eeb7-4812-9fe3-6dd69bd20cea":
      id: "http://blockchaintp.com/chronicle/ns#ns:testns:5a0ab5b8-eeb7-4812-9fe3-6dd69bd20cea"
      uuid: 5a0ab5b8-eeb7-4812-9fe3-6dd69bd20cea
      name: testns
  agents: {}
  activities:
    ? - "http://blockchaintp.com/chronicle/ns#ns:testns:5a0ab5b8-eeb7-4812-9fe3-6dd69bd20cea"
      - "http://blockchaintp.com/chronicle/ns#activity:testactivity-24"
    : id: "http://blockchaintp.com/chronicle/ns#activity:testactivity-24"
      namespaceid: "http://blockchaintp.com/chronicle/ns#ns:testns:5a0ab5b8-eeb7-4812-9fe3-6dd69bd20cea"
      name: testactivity-24
      domaintypeid: "http://blockchaintp.com/chronicle/ns#domaintype:testtype"
      started: ~
      ended: ~
  entities: {}
  was_associated_with: {}
  was_attributed_to: {}
  was_generated_by: {}
  used: {}
- namespaces:
    "http://blockchaintp.com/chronicle/ns#ns:testns:5a0ab5b8-eeb7-4812-9fe3-6dd69bd20cea":
      id: "http://blockchaintp.com/chronicle/ns#ns:testns:5a0ab5b8-eeb7-4812-9fe3-6dd69bd20cea"
      uuid: 5a0ab5b8-eeb7-4812-9fe3-6dd69bd20cea
      name: testns
  agents: {}
  activities:
    ? - "http://blockchaintp.com/chronicle/ns#ns:testns:5a0ab5b8-eeb7-4812-9fe3-6dd69bd20cea"
      - "http://blockchaintp.com/chronicle/ns#activity:testactivity-25"
    : id: "http://blockchaintp.com/chronicle/ns#activity:testactivity-25"
      namespaceid: "http://blockchaintp.com/chronicle/ns#ns:testns:5a0ab5b8-eeb7-4812-9fe3-6dd69bd20cea"
      name: testactivity-25
      domaintypeid: "http://blockchaintp.com/chronicle/ns#domaintype:testtype"
      started: ~
      ended: ~
  entities: {}
  was_associated_with: {}
  was_attributed_to: {}
  was_generated_by: {}
  used: {}
- namespaces:
    "http://blockchaintp.com/chronicle/ns#ns:testns:5a0ab5b8-eeb7-4812-9fe3-6dd69bd20cea":
      id: "http://blockchaintp.com/chronicle/ns#ns:testns:5a0ab5b8-eeb7-4812-9fe3-6dd69bd20cea"
      uuid: 5a0ab5b8-eeb7-4812-9fe3-6dd69bd20cea
      name: testns
  agents: {}
  activities:
    ? - "http://blockchaintp.com/chronicle/ns#ns:testns:5a0ab5b8-eeb7-4812-9fe3-6dd69bd20cea"
      - "http://blockchaintp.com/chronicle/ns#activity:testactivity-26"
    : id: "http://blockchaintp.com/chronicle/ns#activity:testactivity-26"
      namespaceid: "http://blockchaintp.com/chronicle/ns#ns:testns:5a0ab5b8-eeb7-4812-9fe3-6dd69bd20cea"
      name: testactivity-26
      domaintypeid: "http://blockchaintp.com/chronicle/ns#domaintype:testtype"
      started: ~
      ended: ~
  entities: {}
  was_associated_with: {}
  was_attributed_to: {}
  was_generated_by: {}
  used: {}
- namespaces:
    "http://blockchaintp.com/chronicle/ns#ns:testns:5a0ab5b8-eeb7-4812-9fe3-6dd69bd20cea":
      id: "http://blockchaintp.com/chronicle/ns#ns:testns:5a0ab5b8-eeb7-4812-9fe3-6dd69bd20cea"
      uuid: 5a0ab5b8-eeb7-4812-9fe3-6dd69bd20cea
      name: testns
  agents: {}
  activities:
    ? - "http://blockchaintp.com/chronicle/ns#ns:testns:5a0ab5b8-eeb7-4812-9fe3-6dd69bd20cea"
      - "http://blockchaintp.com/chronicle/ns#activity:testactivity-27"
    : id: "http://blockchaintp.com/chronicle/ns#activity:testactivity-27"
      namespaceid: "http://blockchaintp.com/chronicle/ns#ns:testns:5a0ab5b8-eeb7-4812-9fe3-6dd69bd20cea"
      name: testactivity-27
      domaintypeid: "http://blockchaintp.com/chronicle/ns#domaintype:testtype"
      started: ~
      ended: ~
  entities: {}
  was_associated_with: {}
  was_attributed_to: {}
  was_generated_by: {}
  used: {}
- namespaces:
    "http://blockchaintp.com/chronicle/ns#ns:testns:5a0ab5b8-eeb7-4812-9fe3-6dd69bd20cea":
      id: "http://blockchaintp.com/chronicle/ns#ns:testns:5a0ab5b8-eeb7-4812-9fe3-6dd69bd20cea"
      uuid: 5a0ab5b8-eeb7-4812-9fe3-6dd69bd20cea
      name: testns
  agents: {}
  activities:
    ? - "http://blockchaintp.com/chronicle/ns#ns:testns:5a0ab5b8-eeb7-4812-9fe3-6dd69bd20cea"
      - "http://blockchaintp.com/chronicle/ns#activity:testactivity-28"
    : id: "http://blockchaintp.com/chronicle/ns#activity:testactivity-28"
      namespaceid: "http://blockchaintp.com/chronicle/ns#ns:testns:5a0ab5b8-eeb7-4812-9fe3-6dd69bd20cea"
      name: testactivity-28
      domaintypeid: "http://blockchaintp.com/chronicle/ns#domaintype:testtype"
      started: ~
      ended: ~
  entities: {}
  was_associated_with: {}
  was_attributed_to: {}
  was_generated_by: {}
  used: {}
- namespaces:
    "http://blockchaintp.com/chronicle/ns#ns:testns:5a0ab5b8-eeb7-4812-9fe3-6dd69bd20cea":
      id: "http://blockchaintp.com/chronicle/ns#ns:testns:5a0ab5b8-eeb7-4812-9fe3-6dd69bd20cea"
      uuid: 5a0ab5b8-eeb7-4812-9fe3-6dd69bd20cea
      name: testns
  agents: {}
  activities:
    ? - "http://blockchaintp.com/chronicle/ns#ns:testns:5a0ab5b8-eeb7-4812-9fe3-6dd69bd20cea"
      - "http://blockchaintp.com/chronicle/ns#activity:testactivity-29"
    : id: "http://blockchaintp.com/chronicle/ns#activity:testactivity-29"
      namespaceid: "http://blockchaintp.com/chronicle/ns#ns:testns:5a0ab5b8-eeb7-4812-9fe3-6dd69bd20cea"
      name: testactivity-29
      domaintypeid: "http://blockchaintp.com/chronicle/ns#domaintype:testtype"
      started: ~
      ended: ~
  entities: {}
  was_associated_with: {}
  was_attributed_to: {}
  was_generated_by: {}
  used: {}
- namespaces:
    "http://blockchaintp.com/chronicle/ns#ns:testns:5a0ab5b8-eeb7-4812-9fe3-6dd69bd20cea":
      id: "http://blockchaintp.com/chronicle/ns#ns:testns:5a0ab5b8-eeb7-4812-9fe3-6dd69bd20cea"
      uuid: 5a0ab5b8-eeb7-4812-9fe3-6dd69bd20cea
      name: testns
  agents: {}
  activities:
    ? - "http://blockchaintp.com/chronicle/ns#ns:testns:5a0ab5b8-eeb7-4812-9fe3-6dd69bd20cea"
      - "http://blockchaintp.com/chronicle/ns#activity:testactivity-30"
    : id: "http://blockchaintp.com/chronicle/ns#activity:testactivity-30"
      namespaceid: "http://blockchaintp.com/chronicle/ns#ns:testns:5a0ab5b8-eeb7-4812-9fe3-6dd69bd20cea"
      name: testactivity-30
      domaintypeid: "http://blockchaintp.com/chronicle/ns#domaintype:testtype"
      started: ~
      ended: ~
  entities: {}
  was_associated_with: {}
  was_attributed_to: {}
  was_generated_by: {}
  used: {}
- namespaces:
    "http://blockchaintp.com/chronicle/ns#ns:testns:5a0ab5b8-eeb7-4812-9fe3-6dd69bd20cea":
      id: "http://blockchaintp.com/chronicle/ns#ns:testns:5a0ab5b8-eeb7-4812-9fe3-6dd69bd20cea"
      uuid: 5a0ab5b8-eeb7-4812-9fe3-6dd69bd20cea
      name: testns
  agents: {}
  activities:
    ? - "http://blockchaintp.com/chronicle/ns#ns:testns:5a0ab5b8-eeb7-4812-9fe3-6dd69bd20cea"
      - "http://blockchaintp.com/chronicle/ns#activity:testactivity-31"
    : id: "http://blockchaintp.com/chronicle/ns#activity:testactivity-31"
      namespaceid: "http://blockchaintp.com/chronicle/ns#ns:testns:5a0ab5b8-eeb7-4812-9fe3-6dd69bd20cea"
      name: testactivity-31
      domaintypeid: "http://blockchaintp.com/chronicle/ns#domaintype:testtype"
      started: ~
      ended: ~
  entities: {}
  was_associated_with: {}
  was_attributed_to: {}
  was_generated_by: {}
  used: {}
- namespaces:
    "http://blockchaintp.com/chronicle/ns#ns:testns:5a0ab5b8-eeb7-4812-9fe3-6dd69bd20cea":
      id: "http://blockchaintp.com/chronicle/ns#ns:testns:5a0ab5b8-eeb7-4812-9fe3-6dd69bd20cea"
      uuid: 5a0ab5b8-eeb7-4812-9fe3-6dd69bd20cea
      name: testns
  agents: {}
  activities:
    ? - "http://blockchaintp.com/chronicle/ns#ns:testns:5a0ab5b8-eeb7-4812-9fe3-6dd69bd20cea"
      - "http://blockchaintp.com/chronicle/ns#activity:testactivity-32"
    : id: "http://blockchaintp.com/chronicle/ns#activity:testactivity-32"
      namespaceid: "http://blockchaintp.com/chronicle/ns#ns:testns:5a0ab5b8-eeb7-4812-9fe3-6dd69bd20cea"
      name: testactivity-32
      domaintypeid: "http://blockchaintp.com/chronicle/ns#domaintype:testtype"
      started: ~
      ended: ~
  entities: {}
  was_associated_with: {}
  was_attributed_to: {}
  was_generated_by: {}
  used: {}
- namespaces:
    "http://blockchaintp.com/chronicle/ns#ns:testns:5a0ab5b8-eeb7-4812-9fe3-6dd69bd20cea":
      id: "http://blockchaintp.com/chronicle/ns#ns:testns:5a0ab5b8-eeb7-4812-9fe3-6dd69bd20cea"
      uuid: 5a0ab5b8-eeb7-4812-9fe3-6dd69bd20cea
      name: testns
  agents: {}
  activities:
    ? - "http://blockchaintp.com/chronicle/ns#ns:testns:5a0ab5b8-eeb7-4812-9fe3-6dd69bd20cea"
      - "http://blockchaintp.com/chronicle/ns#activity:testactivity-33"
    : id: "http://blockchaintp.com/chronicle/ns#activity:testactivity-33"
      namespaceid: "http://blockchaintp.com/chronicle/ns#ns:testns:5a0ab5b8-eeb7-4812-9fe3-6dd69bd20cea"
      name: testactivity-33
      domaintypeid: "http://blockchaintp.com/chronicle/ns#domaintype:testtype"
      started: ~
      ended: ~
  entities: {}
  was_associated_with: {}
  was_attributed_to: {}
  was_generated_by: {}
  used: {}
- namespaces:
    "http://blockchaintp.com/chronicle/ns#ns:testns:5a0ab5b8-eeb7-4812-9fe3-6dd69bd20cea":
      id: "http://blockchaintp.com/chronicle/ns#ns:testns:5a0ab5b8-eeb7-4812-9fe3-6dd69bd20cea"
      uuid: 5a0ab5b8-eeb7-4812-9fe3-6dd69bd20cea
      name: testns
  agents: {}
  activities:
    ? - "http://blockchaintp.com/chronicle/ns#ns:testns:5a0ab5b8-eeb7-4812-9fe3-6dd69bd20cea"
      - "http://blockchaintp.com/chronicle/ns#activity:testactivity-34"
    : id: "http://blockchaintp.com/chronicle/ns#activity:testactivity-34"
      namespaceid: "http://blockchaintp.com/chronicle/ns#ns:testns:5a0ab5b8-eeb7-4812-9fe3-6dd69bd20cea"
      name: testactivity-34
      domaintypeid: "http://blockchaintp.com/chronicle/ns#domaintype:testtype"
      started: ~
      ended: ~
  entities: {}
  was_associated_with: {}
  was_attributed_to: {}
  was_generated_by: {}
  used: {}
- namespaces:
    "http://blockchaintp.com/chronicle/ns#ns:testns:5a0ab5b8-eeb7-4812-9fe3-6dd69bd20cea":
      id: "http://blockchaintp.com/chronicle/ns#ns:testns:5a0ab5b8-eeb7-4812-9fe3-6dd69bd20cea"
      uuid: 5a0ab5b8-eeb7-4812-9fe3-6dd69bd20cea
      name: testns
  agents: {}
  activities:
    ? - "http://blockchaintp.com/chronicle/ns#ns:testns:5a0ab5b8-eeb7-4812-9fe3-6dd69bd20cea"
      - "http://blockchaintp.com/chronicle/ns#activity:testactivity-35"
    : id: "http://blockchaintp.com/chronicle/ns#activity:testactivity-35"
      namespaceid: "http://blockchaintp.com/chronicle/ns#ns:testns:5a0ab5b8-eeb7-4812-9fe3-6dd69bd20cea"
      name: testactivity-35
      domaintypeid: "http://blockchaintp.com/chronicle/ns#domaintype:testtype"
      started: ~
      ended: ~
  entities: {}
  was_associated_with: {}
  was_attributed_to: {}
  was_generated_by: {}
  used: {}
- namespaces:
    "http://blockchaintp.com/chronicle/ns#ns:testns:5a0ab5b8-eeb7-4812-9fe3-6dd69bd20cea":
      id: "http://blockchaintp.com/chronicle/ns#ns:testns:5a0ab5b8-eeb7-4812-9fe3-6dd69bd20cea"
      uuid: 5a0ab5b8-eeb7-4812-9fe3-6dd69bd20cea
      name: testns
  agents: {}
  activities:
    ? - "http://blockchaintp.com/chronicle/ns#ns:testns:5a0ab5b8-eeb7-4812-9fe3-6dd69bd20cea"
      - "http://blockchaintp.com/chronicle/ns#activity:testactivity-36"
    : id: "http://blockchaintp.com/chronicle/ns#activity:testactivity-36"
      namespaceid: "http://blockchaintp.com/chronicle/ns#ns:testns:5a0ab5b8-eeb7-4812-9fe3-6dd69bd20cea"
      name: testactivity-36
      domaintypeid: "http://blockchaintp.com/chronicle/ns#domaintype:testtype"
      started: ~
      ended: ~
  entities: {}
  was_associated_with: {}
  was_attributed_to: {}
  was_generated_by: {}
  used: {}
- namespaces:
    "http://blockchaintp.com/chronicle/ns#ns:testns:5a0ab5b8-eeb7-4812-9fe3-6dd69bd20cea":
      id: "http://blockchaintp.com/chronicle/ns#ns:testns:5a0ab5b8-eeb7-4812-9fe3-6dd69bd20cea"
      uuid: 5a0ab5b8-eeb7-4812-9fe3-6dd69bd20cea
      name: testns
  agents: {}
  activities:
    ? - "http://blockchaintp.com/chronicle/ns#ns:testns:5a0ab5b8-eeb7-4812-9fe3-6dd69bd20cea"
      - "http://blockchaintp.com/chronicle/ns#activity:testactivity-37"
    : id: "http://blockchaintp.com/chronicle/ns#activity:testactivity-37"
      namespaceid: "http://blockchaintp.com/chronicle/ns#ns:testns:5a0ab5b8-eeb7-4812-9fe3-6dd69bd20cea"
      name: testactivity-37
      domaintypeid: "http://blockchaintp.com/chronicle/ns#domaintype:testtype"
      started: ~
      ended: ~
  entities: {}
  was_associated_with: {}
  was_attributed_to: {}
  was_generated_by: {}
  used: {}
- namespaces:
    "http://blockchaintp.com/chronicle/ns#ns:testns:5a0ab5b8-eeb7-4812-9fe3-6dd69bd20cea":
      id: "http://blockchaintp.com/chronicle/ns#ns:testns:5a0ab5b8-eeb7-4812-9fe3-6dd69bd20cea"
      uuid: 5a0ab5b8-eeb7-4812-9fe3-6dd69bd20cea
      name: testns
  agents: {}
  activities:
    ? - "http://blockchaintp.com/chronicle/ns#ns:testns:5a0ab5b8-eeb7-4812-9fe3-6dd69bd20cea"
      - "http://blockchaintp.com/chronicle/ns#activity:testactivity-38"
    : id: "http://blockchaintp.com/chronicle/ns#activity:testactivity-38"
      namespaceid: "http://blockchaintp.com/chronicle/ns#ns:testns:5a0ab5b8-eeb7-4812-9fe3-6dd69bd20cea"
      name: testactivity-38
      domaintypeid: "http://blockchaintp.com/chronicle/ns#domaintype:testtype"
      started: ~
      ended: ~
  entities: {}
  was_associated_with: {}
  was_attributed_to: {}
  was_generated_by: {}
  used: {}
- namespaces:
    "http://blockchaintp.com/chronicle/ns#ns:testns:5a0ab5b8-eeb7-4812-9fe3-6dd69bd20cea":
      id: "http://blockchaintp.com/chronicle/ns#ns:testns:5a0ab5b8-eeb7-4812-9fe3-6dd69bd20cea"
      uuid: 5a0ab5b8-eeb7-4812-9fe3-6dd69bd20cea
      name: testns
  agents: {}
  activities:
    ? - "http://blockchaintp.com/chronicle/ns#ns:testns:5a0ab5b8-eeb7-4812-9fe3-6dd69bd20cea"
      - "http://blockchaintp.com/chronicle/ns#activity:testactivity-39"
    : id: "http://blockchaintp.com/chronicle/ns#activity:testactivity-39"
      namespaceid: "http://blockchaintp.com/chronicle/ns#ns:testns:5a0ab5b8-eeb7-4812-9fe3-6dd69bd20cea"
      name: testactivity-39
      domaintypeid: "http://blockchaintp.com/chronicle/ns#domaintype:testtype"
      started: ~
      ended: ~
  entities: {}
  was_associated_with: {}
  was_attributed_to: {}
  was_generated_by: {}
  used: {}
- namespaces:
    "http://blockchaintp.com/chronicle/ns#ns:testns:5a0ab5b8-eeb7-4812-9fe3-6dd69bd20cea":
      id: "http://blockchaintp.com/chronicle/ns#ns:testns:5a0ab5b8-eeb7-4812-9fe3-6dd69bd20cea"
      uuid: 5a0ab5b8-eeb7-4812-9fe3-6dd69bd20cea
      name: testns
  agents: {}
  activities:
    ? - "http://blockchaintp.com/chronicle/ns#ns:testns:5a0ab5b8-eeb7-4812-9fe3-6dd69bd20cea"
      - "http://blockchaintp.com/chronicle/ns#activity:testactivity-40"
    : id: "http://blockchaintp.com/chronicle/ns#activity:testactivity-40"
      namespaceid: "http://blockchaintp.com/chronicle/ns#ns:testns:5a0ab5b8-eeb7-4812-9fe3-6dd69bd20cea"
      name: testactivity-40
      domaintypeid: "http://blockchaintp.com/chronicle/ns#domaintype:testtype"
      started: ~
      ended: ~
  entities: {}
  was_associated_with: {}
  was_attributed_to: {}
  was_generated_by: {}
  used: {}
- namespaces:
    "http://blockchaintp.com/chronicle/ns#ns:testns:5a0ab5b8-eeb7-4812-9fe3-6dd69bd20cea":
      id: "http://blockchaintp.com/chronicle/ns#ns:testns:5a0ab5b8-eeb7-4812-9fe3-6dd69bd20cea"
      uuid: 5a0ab5b8-eeb7-4812-9fe3-6dd69bd20cea
      name: testns
  agents: {}
  activities:
    ? - "http://blockchaintp.com/chronicle/ns#ns:testns:5a0ab5b8-eeb7-4812-9fe3-6dd69bd20cea"
      - "http://blockchaintp.com/chronicle/ns#activity:testactivity-41"
    : id: "http://blockchaintp.com/chronicle/ns#activity:testactivity-41"
      namespaceid: "http://blockchaintp.com/chronicle/ns#ns:testns:5a0ab5b8-eeb7-4812-9fe3-6dd69bd20cea"
      name: testactivity-41
      domaintypeid: "http://blockchaintp.com/chronicle/ns#domaintype:testtype"
      started: ~
      ended: ~
  entities: {}
  was_associated_with: {}
  was_attributed_to: {}
  was_generated_by: {}
  used: {}
- namespaces:
    "http://blockchaintp.com/chronicle/ns#ns:testns:5a0ab5b8-eeb7-4812-9fe3-6dd69bd20cea":
      id: "http://blockchaintp.com/chronicle/ns#ns:testns:5a0ab5b8-eeb7-4812-9fe3-6dd69bd20cea"
      uuid: 5a0ab5b8-eeb7-4812-9fe3-6dd69bd20cea
      name: testns
  agents: {}
  activities:
    ? - "http://blockchaintp.com/chronicle/ns#ns:testns:5a0ab5b8-eeb7-4812-9fe3-6dd69bd20cea"
      - "http://blockchaintp.com/chronicle/ns#activity:testactivity-42"
    : id: "http://blockchaintp.com/chronicle/ns#activity:testactivity-42"
      namespaceid: "http://blockchaintp.com/chronicle/ns#ns:testns:5a0ab5b8-eeb7-4812-9fe3-6dd69bd20cea"
      name: testactivity-42
      domaintypeid: "http://blockchaintp.com/chronicle/ns#domaintype:testtype"
      started: ~
      ended: ~
  entities: {}
  was_associated_with: {}
  was_attributed_to: {}
  was_generated_by: {}
  used: {}
- namespaces:
    "http://blockchaintp.com/chronicle/ns#ns:testns:5a0ab5b8-eeb7-4812-9fe3-6dd69bd20cea":
      id: "http://blockchaintp.com/chronicle/ns#ns:testns:5a0ab5b8-eeb7-4812-9fe3-6dd69bd20cea"
      uuid: 5a0ab5b8-eeb7-4812-9fe3-6dd69bd20cea
      name: testns
  agents: {}
  activities:
    ? - "http://blockchaintp.com/chronicle/ns#ns:testns:5a0ab5b8-eeb7-4812-9fe3-6dd69bd20cea"
      - "http://blockchaintp.com/chronicle/ns#activity:testactivity-43"
    : id: "http://blockchaintp.com/chronicle/ns#activity:testactivity-43"
      namespaceid: "http://blockchaintp.com/chronicle/ns#ns:testns:5a0ab5b8-eeb7-4812-9fe3-6dd69bd20cea"
      name: testactivity-43
      domaintypeid: "http://blockchaintp.com/chronicle/ns#domaintype:testtype"
      started: ~
      ended: ~
  entities: {}
  was_associated_with: {}
  was_attributed_to: {}
  was_generated_by: {}
  used: {}
- namespaces:
    "http://blockchaintp.com/chronicle/ns#ns:testns:5a0ab5b8-eeb7-4812-9fe3-6dd69bd20cea":
      id: "http://blockchaintp.com/chronicle/ns#ns:testns:5a0ab5b8-eeb7-4812-9fe3-6dd69bd20cea"
      uuid: 5a0ab5b8-eeb7-4812-9fe3-6dd69bd20cea
      name: testns
  agents: {}
  activities:
    ? - "http://blockchaintp.com/chronicle/ns#ns:testns:5a0ab5b8-eeb7-4812-9fe3-6dd69bd20cea"
      - "http://blockchaintp.com/chronicle/ns#activity:testactivity-44"
    : id: "http://blockchaintp.com/chronicle/ns#activity:testactivity-44"
      namespaceid: "http://blockchaintp.com/chronicle/ns#ns:testns:5a0ab5b8-eeb7-4812-9fe3-6dd69bd20cea"
      name: testactivity-44
      domaintypeid: "http://blockchaintp.com/chronicle/ns#domaintype:testtype"
      started: ~
      ended: ~
  entities: {}
  was_associated_with: {}
  was_attributed_to: {}
  was_generated_by: {}
  used: {}
- namespaces:
    "http://blockchaintp.com/chronicle/ns#ns:testns:5a0ab5b8-eeb7-4812-9fe3-6dd69bd20cea":
      id: "http://blockchaintp.com/chronicle/ns#ns:testns:5a0ab5b8-eeb7-4812-9fe3-6dd69bd20cea"
      uuid: 5a0ab5b8-eeb7-4812-9fe3-6dd69bd20cea
      name: testns
  agents: {}
  activities:
    ? - "http://blockchaintp.com/chronicle/ns#ns:testns:5a0ab5b8-eeb7-4812-9fe3-6dd69bd20cea"
      - "http://blockchaintp.com/chronicle/ns#activity:testactivity-45"
    : id: "http://blockchaintp.com/chronicle/ns#activity:testactivity-45"
      namespaceid: "http://blockchaintp.com/chronicle/ns#ns:testns:5a0ab5b8-eeb7-4812-9fe3-6dd69bd20cea"
      name: testactivity-45
      domaintypeid: "http://blockchaintp.com/chronicle/ns#domaintype:testtype"
      started: ~
      ended: ~
  entities: {}
  was_associated_with: {}
  was_attributed_to: {}
  was_generated_by: {}
  used: {}
- namespaces:
    "http://blockchaintp.com/chronicle/ns#ns:testns:5a0ab5b8-eeb7-4812-9fe3-6dd69bd20cea":
      id: "http://blockchaintp.com/chronicle/ns#ns:testns:5a0ab5b8-eeb7-4812-9fe3-6dd69bd20cea"
      uuid: 5a0ab5b8-eeb7-4812-9fe3-6dd69bd20cea
      name: testns
  agents: {}
  activities:
    ? - "http://blockchaintp.com/chronicle/ns#ns:testns:5a0ab5b8-eeb7-4812-9fe3-6dd69bd20cea"
      - "http://blockchaintp.com/chronicle/ns#activity:testactivity-46"
    : id: "http://blockchaintp.com/chronicle/ns#activity:testactivity-46"
      namespaceid: "http://blockchaintp.com/chronicle/ns#ns:testns:5a0ab5b8-eeb7-4812-9fe3-6dd69bd20cea"
      name: testactivity-46
      domaintypeid: "http://blockchaintp.com/chronicle/ns#domaintype:testtype"
      started: ~
      ended: ~
  entities: {}
  was_associated_with: {}
  was_attributed_to: {}
  was_generated_by: {}
  used: {}
- namespaces:
    "http://blockchaintp.com/chronicle/ns#ns:testns:5a0ab5b8-eeb7-4812-9fe3-6dd69bd20cea":
      id: "http://blockchaintp.com/chronicle/ns#ns:testns:5a0ab5b8-eeb7-4812-9fe3-6dd69bd20cea"
      uuid: 5a0ab5b8-eeb7-4812-9fe3-6dd69bd20cea
      name: testns
  agents: {}
  activities:
    ? - "http://blockchaintp.com/chronicle/ns#ns:testns:5a0ab5b8-eeb7-4812-9fe3-6dd69bd20cea"
      - "http://blockchaintp.com/chronicle/ns#activity:testactivity-47"
    : id: "http://blockchaintp.com/chronicle/ns#activity:testactivity-47"
      namespaceid: "http://blockchaintp.com/chronicle/ns#ns:testns:5a0ab5b8-eeb7-4812-9fe3-6dd69bd20cea"
      name: testactivity-47
      domaintypeid: "http://blockchaintp.com/chronicle/ns#domaintype:testtype"
      started: ~
      ended: ~
  entities: {}
  was_associated_with: {}
  was_attributed_to: {}
  was_generated_by: {}
  used: {}
- namespaces:
    "http://blockchaintp.com/chronicle/ns#ns:testns:5a0ab5b8-eeb7-4812-9fe3-6dd69bd20cea":
      id: "http://blockchaintp.com/chronicle/ns#ns:testns:5a0ab5b8-eeb7-4812-9fe3-6dd69bd20cea"
      uuid: 5a0ab5b8-eeb7-4812-9fe3-6dd69bd20cea
      name: testns
  agents: {}
  activities:
    ? - "http://blockchaintp.com/chronicle/ns#ns:testns:5a0ab5b8-eeb7-4812-9fe3-6dd69bd20cea"
      - "http://blockchaintp.com/chronicle/ns#activity:testactivity-48"
    : id: "http://blockchaintp.com/chronicle/ns#activity:testactivity-48"
      namespaceid: "http://blockchaintp.com/chronicle/ns#ns:testns:5a0ab5b8-eeb7-4812-9fe3-6dd69bd20cea"
      name: testactivity-48
      domaintypeid: "http://blockchaintp.com/chronicle/ns#domaintype:testtype"
      started: ~
      ended: ~
  entities: {}
  was_associated_with: {}
  was_attributed_to: {}
  was_generated_by: {}
  used: {}
- namespaces:
    "http://blockchaintp.com/chronicle/ns#ns:testns:5a0ab5b8-eeb7-4812-9fe3-6dd69bd20cea":
      id: "http://blockchaintp.com/chronicle/ns#ns:testns:5a0ab5b8-eeb7-4812-9fe3-6dd69bd20cea"
      uuid: 5a0ab5b8-eeb7-4812-9fe3-6dd69bd20cea
      name: testns
  agents: {}
  activities:
    ? - "http://blockchaintp.com/chronicle/ns#ns:testns:5a0ab5b8-eeb7-4812-9fe3-6dd69bd20cea"
      - "http://blockchaintp.com/chronicle/ns#activity:testactivity-49"
    : id: "http://blockchaintp.com/chronicle/ns#activity:testactivity-49"
      namespaceid: "http://blockchaintp.com/chronicle/ns#ns:testns:5a0ab5b8-eeb7-4812-9fe3-6dd69bd20cea"
      name: testactivity-49
      domaintypeid: "http://blockchaintp.com/chronicle/ns#domaintype:testtype"
      started: ~
      ended: ~
  entities: {}
  was_associated_with: {}
  was_attributed_to: {}
  was_generated_by: {}
  used: {}
- namespaces:
    "http://blockchaintp.com/chronicle/ns#ns:testns:5a0ab5b8-eeb7-4812-9fe3-6dd69bd20cea":
      id: "http://blockchaintp.com/chronicle/ns#ns:testns:5a0ab5b8-eeb7-4812-9fe3-6dd69bd20cea"
      uuid: 5a0ab5b8-eeb7-4812-9fe3-6dd69bd20cea
      name: testns
  agents: {}
  activities:
    ? - "http://blockchaintp.com/chronicle/ns#ns:testns:5a0ab5b8-eeb7-4812-9fe3-6dd69bd20cea"
      - "http://blockchaintp.com/chronicle/ns#activity:testactivity-50"
    : id: "http://blockchaintp.com/chronicle/ns#activity:testactivity-50"
      namespaceid: "http://blockchaintp.com/chronicle/ns#ns:testns:5a0ab5b8-eeb7-4812-9fe3-6dd69bd20cea"
      name: testactivity-50
      domaintypeid: "http://blockchaintp.com/chronicle/ns#domaintype:testtype"
      started: ~
      ended: ~
  entities: {}
  was_associated_with: {}
  was_attributed_to: {}
  was_generated_by: {}
  used: {}
- namespaces:
    "http://blockchaintp.com/chronicle/ns#ns:testns:5a0ab5b8-eeb7-4812-9fe3-6dd69bd20cea":
      id: "http://blockchaintp.com/chronicle/ns#ns:testns:5a0ab5b8-eeb7-4812-9fe3-6dd69bd20cea"
      uuid: 5a0ab5b8-eeb7-4812-9fe3-6dd69bd20cea
      name: testns
  agents: {}
  activities:
    ? - "http://blockchaintp.com/chronicle/ns#ns:testns:5a0ab5b8-eeb7-4812-9fe3-6dd69bd20cea"
      - "http://blockchaintp.com/chronicle/ns#activity:testactivity-51"
    : id: "http://blockchaintp.com/chronicle/ns#activity:testactivity-51"
      namespaceid: "http://blockchaintp.com/chronicle/ns#ns:testns:5a0ab5b8-eeb7-4812-9fe3-6dd69bd20cea"
      name: testactivity-51
      domaintypeid: "http://blockchaintp.com/chronicle/ns#domaintype:testtype"
      started: ~
      ended: ~
  entities: {}
  was_associated_with: {}
  was_attributed_to: {}
  was_generated_by: {}
  used: {}
- namespaces:
    "http://blockchaintp.com/chronicle/ns#ns:testns:5a0ab5b8-eeb7-4812-9fe3-6dd69bd20cea":
      id: "http://blockchaintp.com/chronicle/ns#ns:testns:5a0ab5b8-eeb7-4812-9fe3-6dd69bd20cea"
      uuid: 5a0ab5b8-eeb7-4812-9fe3-6dd69bd20cea
      name: testns
  agents: {}
  activities:
    ? - "http://blockchaintp.com/chronicle/ns#ns:testns:5a0ab5b8-eeb7-4812-9fe3-6dd69bd20cea"
      - "http://blockchaintp.com/chronicle/ns#activity:testactivity-52"
    : id: "http://blockchaintp.com/chronicle/ns#activity:testactivity-52"
      namespaceid: "http://blockchaintp.com/chronicle/ns#ns:testns:5a0ab5b8-eeb7-4812-9fe3-6dd69bd20cea"
      name: testactivity-52
      domaintypeid: "http://blockchaintp.com/chronicle/ns#domaintype:testtype"
      started: ~
      ended: ~
  entities: {}
  was_associated_with: {}
  was_attributed_to: {}
  was_generated_by: {}
  used: {}
- namespaces:
    "http://blockchaintp.com/chronicle/ns#ns:testns:5a0ab5b8-eeb7-4812-9fe3-6dd69bd20cea":
      id: "http://blockchaintp.com/chronicle/ns#ns:testns:5a0ab5b8-eeb7-4812-9fe3-6dd69bd20cea"
      uuid: 5a0ab5b8-eeb7-4812-9fe3-6dd69bd20cea
      name: testns
  agents: {}
  activities:
    ? - "http://blockchaintp.com/chronicle/ns#ns:testns:5a0ab5b8-eeb7-4812-9fe3-6dd69bd20cea"
      - "http://blockchaintp.com/chronicle/ns#activity:testactivity-53"
    : id: "http://blockchaintp.com/chronicle/ns#activity:testactivity-53"
      namespaceid: "http://blockchaintp.com/chronicle/ns#ns:testns:5a0ab5b8-eeb7-4812-9fe3-6dd69bd20cea"
      name: testactivity-53
      domaintypeid: "http://blockchaintp.com/chronicle/ns#domaintype:testtype"
      started: ~
      ended: ~
  entities: {}
  was_associated_with: {}
  was_attributed_to: {}
  was_generated_by: {}
  used: {}
- namespaces:
    "http://blockchaintp.com/chronicle/ns#ns:testns:5a0ab5b8-eeb7-4812-9fe3-6dd69bd20cea":
      id: "http://blockchaintp.com/chronicle/ns#ns:testns:5a0ab5b8-eeb7-4812-9fe3-6dd69bd20cea"
      uuid: 5a0ab5b8-eeb7-4812-9fe3-6dd69bd20cea
      name: testns
  agents: {}
  activities:
    ? - "http://blockchaintp.com/chronicle/ns#ns:testns:5a0ab5b8-eeb7-4812-9fe3-6dd69bd20cea"
      - "http://blockchaintp.com/chronicle/ns#activity:testactivity-54"
    : id: "http://blockchaintp.com/chronicle/ns#activity:testactivity-54"
      namespaceid: "http://blockchaintp.com/chronicle/ns#ns:testns:5a0ab5b8-eeb7-4812-9fe3-6dd69bd20cea"
      name: testactivity-54
      domaintypeid: "http://blockchaintp.com/chronicle/ns#domaintype:testtype"
      started: ~
      ended: ~
  entities: {}
  was_associated_with: {}
  was_attributed_to: {}
  was_generated_by: {}
  used: {}
- namespaces:
    "http://blockchaintp.com/chronicle/ns#ns:testns:5a0ab5b8-eeb7-4812-9fe3-6dd69bd20cea":
      id: "http://blockchaintp.com/chronicle/ns#ns:testns:5a0ab5b8-eeb7-4812-9fe3-6dd69bd20cea"
      uuid: 5a0ab5b8-eeb7-4812-9fe3-6dd69bd20cea
      name: testns
  agents: {}
  activities:
    ? - "http://blockchaintp.com/chronicle/ns#ns:testns:5a0ab5b8-eeb7-4812-9fe3-6dd69bd20cea"
      - "http://blockchaintp.com/chronicle/ns#activity:testactivity-55"
    : id: "http://blockchaintp.com/chronicle/ns#activity:testactivity-55"
      namespaceid: "http://blockchaintp.com/chronicle/ns#ns:testns:5a0ab5b8-eeb7-4812-9fe3-6dd69bd20cea"
      name: testactivity-55
      domaintypeid: "http://blockchaintp.com/chronicle/ns#domaintype:testtype"
      started: ~
      ended: ~
  entities: {}
  was_associated_with: {}
  was_attributed_to: {}
  was_generated_by: {}
  used: {}
- namespaces:
    "http://blockchaintp.com/chronicle/ns#ns:testns:5a0ab5b8-eeb7-4812-9fe3-6dd69bd20cea":
      id: "http://blockchaintp.com/chronicle/ns#ns:testns:5a0ab5b8-eeb7-4812-9fe3-6dd69bd20cea"
      uuid: 5a0ab5b8-eeb7-4812-9fe3-6dd69bd20cea
      name: testns
  agents: {}
  activities:
    ? - "http://blockchaintp.com/chronicle/ns#ns:testns:5a0ab5b8-eeb7-4812-9fe3-6dd69bd20cea"
      - "http://blockchaintp.com/chronicle/ns#activity:testactivity-56"
    : id: "http://blockchaintp.com/chronicle/ns#activity:testactivity-56"
      namespaceid: "http://blockchaintp.com/chronicle/ns#ns:testns:5a0ab5b8-eeb7-4812-9fe3-6dd69bd20cea"
      name: testactivity-56
      domaintypeid: "http://blockchaintp.com/chronicle/ns#domaintype:testtype"
      started: ~
      ended: ~
  entities: {}
  was_associated_with: {}
  was_attributed_to: {}
  was_generated_by: {}
  used: {}
- namespaces:
    "http://blockchaintp.com/chronicle/ns#ns:testns:5a0ab5b8-eeb7-4812-9fe3-6dd69bd20cea":
      id: "http://blockchaintp.com/chronicle/ns#ns:testns:5a0ab5b8-eeb7-4812-9fe3-6dd69bd20cea"
      uuid: 5a0ab5b8-eeb7-4812-9fe3-6dd69bd20cea
      name: testns
  agents: {}
  activities:
    ? - "http://blockchaintp.com/chronicle/ns#ns:testns:5a0ab5b8-eeb7-4812-9fe3-6dd69bd20cea"
      - "http://blockchaintp.com/chronicle/ns#activity:testactivity-57"
    : id: "http://blockchaintp.com/chronicle/ns#activity:testactivity-57"
      namespaceid: "http://blockchaintp.com/chronicle/ns#ns:testns:5a0ab5b8-eeb7-4812-9fe3-6dd69bd20cea"
      name: testactivity-57
      domaintypeid: "http://blockchaintp.com/chronicle/ns#domaintype:testtype"
      started: ~
      ended: ~
  entities: {}
  was_associated_with: {}
  was_attributed_to: {}
  was_generated_by: {}
  used: {}
- namespaces:
    "http://blockchaintp.com/chronicle/ns#ns:testns:5a0ab5b8-eeb7-4812-9fe3-6dd69bd20cea":
      id: "http://blockchaintp.com/chronicle/ns#ns:testns:5a0ab5b8-eeb7-4812-9fe3-6dd69bd20cea"
      uuid: 5a0ab5b8-eeb7-4812-9fe3-6dd69bd20cea
      name: testns
  agents: {}
  activities:
    ? - "http://blockchaintp.com/chronicle/ns#ns:testns:5a0ab5b8-eeb7-4812-9fe3-6dd69bd20cea"
      - "http://blockchaintp.com/chronicle/ns#activity:testactivity-58"
    : id: "http://blockchaintp.com/chronicle/ns#activity:testactivity-58"
      namespaceid: "http://blockchaintp.com/chronicle/ns#ns:testns:5a0ab5b8-eeb7-4812-9fe3-6dd69bd20cea"
      name: testactivity-58
      domaintypeid: "http://blockchaintp.com/chronicle/ns#domaintype:testtype"
      started: ~
      ended: ~
  entities: {}
  was_associated_with: {}
  was_attributed_to: {}
  was_generated_by: {}
  used: {}
- namespaces:
    "http://blockchaintp.com/chronicle/ns#ns:testns:5a0ab5b8-eeb7-4812-9fe3-6dd69bd20cea":
      id: "http://blockchaintp.com/chronicle/ns#ns:testns:5a0ab5b8-eeb7-4812-9fe3-6dd69bd20cea"
      uuid: 5a0ab5b8-eeb7-4812-9fe3-6dd69bd20cea
      name: testns
  agents: {}
  activities:
    ? - "http://blockchaintp.com/chronicle/ns#ns:testns:5a0ab5b8-eeb7-4812-9fe3-6dd69bd20cea"
      - "http://blockchaintp.com/chronicle/ns#activity:testactivity-59"
    : id: "http://blockchaintp.com/chronicle/ns#activity:testactivity-59"
      namespaceid: "http://blockchaintp.com/chronicle/ns#ns:testns:5a0ab5b8-eeb7-4812-9fe3-6dd69bd20cea"
      name: testactivity-59
      domaintypeid: "http://blockchaintp.com/chronicle/ns#domaintype:testtype"
      started: ~
      ended: ~
  entities: {}
  was_associated_with: {}
  was_attributed_to: {}
  was_generated_by: {}
  used: {}
- namespaces:
    "http://blockchaintp.com/chronicle/ns#ns:testns:5a0ab5b8-eeb7-4812-9fe3-6dd69bd20cea":
      id: "http://blockchaintp.com/chronicle/ns#ns:testns:5a0ab5b8-eeb7-4812-9fe3-6dd69bd20cea"
      uuid: 5a0ab5b8-eeb7-4812-9fe3-6dd69bd20cea
      name: testns
  agents: {}
  activities:
    ? - "http://blockchaintp.com/chronicle/ns#ns:testns:5a0ab5b8-eeb7-4812-9fe3-6dd69bd20cea"
      - "http://blockchaintp.com/chronicle/ns#activity:testactivity-60"
    : id: "http://blockchaintp.com/chronicle/ns#activity:testactivity-60"
      namespaceid: "http://blockchaintp.com/chronicle/ns#ns:testns:5a0ab5b8-eeb7-4812-9fe3-6dd69bd20cea"
      name: testactivity-60
      domaintypeid: "http://blockchaintp.com/chronicle/ns#domaintype:testtype"
      started: ~
      ended: ~
  entities: {}
  was_associated_with: {}
  was_attributed_to: {}
  was_generated_by: {}
  used: {}
- namespaces:
    "http://blockchaintp.com/chronicle/ns#ns:testns:5a0ab5b8-eeb7-4812-9fe3-6dd69bd20cea":
      id: "http://blockchaintp.com/chronicle/ns#ns:testns:5a0ab5b8-eeb7-4812-9fe3-6dd69bd20cea"
      uuid: 5a0ab5b8-eeb7-4812-9fe3-6dd69bd20cea
      name: testns
  agents: {}
  activities:
    ? - "http://blockchaintp.com/chronicle/ns#ns:testns:5a0ab5b8-eeb7-4812-9fe3-6dd69bd20cea"
      - "http://blockchaintp.com/chronicle/ns#activity:testactivity-61"
    : id: "http://blockchaintp.com/chronicle/ns#activity:testactivity-61"
      namespaceid: "http://blockchaintp.com/chronicle/ns#ns:testns:5a0ab5b8-eeb7-4812-9fe3-6dd69bd20cea"
      name: testactivity-61
      domaintypeid: "http://blockchaintp.com/chronicle/ns#domaintype:testtype"
      started: ~
      ended: ~
  entities: {}
  was_associated_with: {}
  was_attributed_to: {}
  was_generated_by: {}
  used: {}
- namespaces:
    "http://blockchaintp.com/chronicle/ns#ns:testns:5a0ab5b8-eeb7-4812-9fe3-6dd69bd20cea":
      id: "http://blockchaintp.com/chronicle/ns#ns:testns:5a0ab5b8-eeb7-4812-9fe3-6dd69bd20cea"
      uuid: 5a0ab5b8-eeb7-4812-9fe3-6dd69bd20cea
      name: testns
  agents: {}
  activities:
    ? - "http://blockchaintp.com/chronicle/ns#ns:testns:5a0ab5b8-eeb7-4812-9fe3-6dd69bd20cea"
      - "http://blockchaintp.com/chronicle/ns#activity:testactivity-62"
    : id: "http://blockchaintp.com/chronicle/ns#activity:testactivity-62"
      namespaceid: "http://blockchaintp.com/chronicle/ns#ns:testns:5a0ab5b8-eeb7-4812-9fe3-6dd69bd20cea"
      name: testactivity-62
      domaintypeid: "http://blockchaintp.com/chronicle/ns#domaintype:testtype"
      started: ~
      ended: ~
  entities: {}
  was_associated_with: {}
  was_attributed_to: {}
  was_generated_by: {}
  used: {}
- namespaces:
    "http://blockchaintp.com/chronicle/ns#ns:testns:5a0ab5b8-eeb7-4812-9fe3-6dd69bd20cea":
      id: "http://blockchaintp.com/chronicle/ns#ns:testns:5a0ab5b8-eeb7-4812-9fe3-6dd69bd20cea"
      uuid: 5a0ab5b8-eeb7-4812-9fe3-6dd69bd20cea
      name: testns
  agents: {}
  activities:
    ? - "http://blockchaintp.com/chronicle/ns#ns:testns:5a0ab5b8-eeb7-4812-9fe3-6dd69bd20cea"
      - "http://blockchaintp.com/chronicle/ns#activity:testactivity-63"
    : id: "http://blockchaintp.com/chronicle/ns#activity:testactivity-63"
      namespaceid: "http://blockchaintp.com/chronicle/ns#ns:testns:5a0ab5b8-eeb7-4812-9fe3-6dd69bd20cea"
      name: testactivity-63
      domaintypeid: "http://blockchaintp.com/chronicle/ns#domaintype:testtype"
      started: ~
      ended: ~
  entities: {}
  was_associated_with: {}
  was_attributed_to: {}
  was_generated_by: {}
  used: {}
- namespaces:
    "http://blockchaintp.com/chronicle/ns#ns:testns:5a0ab5b8-eeb7-4812-9fe3-6dd69bd20cea":
      id: "http://blockchaintp.com/chronicle/ns#ns:testns:5a0ab5b8-eeb7-4812-9fe3-6dd69bd20cea"
      uuid: 5a0ab5b8-eeb7-4812-9fe3-6dd69bd20cea
      name: testns
  agents: {}
  activities:
    ? - "http://blockchaintp.com/chronicle/ns#ns:testns:5a0ab5b8-eeb7-4812-9fe3-6dd69bd20cea"
      - "http://blockchaintp.com/chronicle/ns#activity:testactivity-64"
    : id: "http://blockchaintp.com/chronicle/ns#activity:testactivity-64"
      namespaceid: "http://blockchaintp.com/chronicle/ns#ns:testns:5a0ab5b8-eeb7-4812-9fe3-6dd69bd20cea"
      name: testactivity-64
      domaintypeid: "http://blockchaintp.com/chronicle/ns#domaintype:testtype"
      started: ~
      ended: ~
  entities: {}
  was_associated_with: {}
  was_attributed_to: {}
  was_generated_by: {}
  used: {}
- namespaces:
    "http://blockchaintp.com/chronicle/ns#ns:testns:5a0ab5b8-eeb7-4812-9fe3-6dd69bd20cea":
      id: "http://blockchaintp.com/chronicle/ns#ns:testns:5a0ab5b8-eeb7-4812-9fe3-6dd69bd20cea"
      uuid: 5a0ab5b8-eeb7-4812-9fe3-6dd69bd20cea
      name: testns
  agents: {}
  activities:
    ? - "http://blockchaintp.com/chronicle/ns#ns:testns:5a0ab5b8-eeb7-4812-9fe3-6dd69bd20cea"
      - "http://blockchaintp.com/chronicle/ns#activity:testactivity-65"
    : id: "http://blockchaintp.com/chronicle/ns#activity:testactivity-65"
      namespaceid: "http://blockchaintp.com/chronicle/ns#ns:testns:5a0ab5b8-eeb7-4812-9fe3-6dd69bd20cea"
      name: testactivity-65
      domaintypeid: "http://blockchaintp.com/chronicle/ns#domaintype:testtype"
      started: ~
      ended: ~
  entities: {}
  was_associated_with: {}
  was_attributed_to: {}
  was_generated_by: {}
  used: {}
- namespaces:
    "http://blockchaintp.com/chronicle/ns#ns:testns:5a0ab5b8-eeb7-4812-9fe3-6dd69bd20cea":
      id: "http://blockchaintp.com/chronicle/ns#ns:testns:5a0ab5b8-eeb7-4812-9fe3-6dd69bd20cea"
      uuid: 5a0ab5b8-eeb7-4812-9fe3-6dd69bd20cea
      name: testns
  agents: {}
  activities:
    ? - "http://blockchaintp.com/chronicle/ns#ns:testns:5a0ab5b8-eeb7-4812-9fe3-6dd69bd20cea"
      - "http://blockchaintp.com/chronicle/ns#activity:testactivity-66"
    : id: "http://blockchaintp.com/chronicle/ns#activity:testactivity-66"
      namespaceid: "http://blockchaintp.com/chronicle/ns#ns:testns:5a0ab5b8-eeb7-4812-9fe3-6dd69bd20cea"
      name: testactivity-66
      domaintypeid: "http://blockchaintp.com/chronicle/ns#domaintype:testtype"
      started: ~
      ended: ~
  entities: {}
  was_associated_with: {}
  was_attributed_to: {}
  was_generated_by: {}
  used: {}
- namespaces:
    "http://blockchaintp.com/chronicle/ns#ns:testns:5a0ab5b8-eeb7-4812-9fe3-6dd69bd20cea":
      id: "http://blockchaintp.com/chronicle/ns#ns:testns:5a0ab5b8-eeb7-4812-9fe3-6dd69bd20cea"
      uuid: 5a0ab5b8-eeb7-4812-9fe3-6dd69bd20cea
      name: testns
  agents: {}
  activities:
    ? - "http://blockchaintp.com/chronicle/ns#ns:testns:5a0ab5b8-eeb7-4812-9fe3-6dd69bd20cea"
      - "http://blockchaintp.com/chronicle/ns#activity:testactivity-67"
    : id: "http://blockchaintp.com/chronicle/ns#activity:testactivity-67"
      namespaceid: "http://blockchaintp.com/chronicle/ns#ns:testns:5a0ab5b8-eeb7-4812-9fe3-6dd69bd20cea"
      name: testactivity-67
      domaintypeid: "http://blockchaintp.com/chronicle/ns#domaintype:testtype"
      started: ~
      ended: ~
  entities: {}
  was_associated_with: {}
  was_attributed_to: {}
  was_generated_by: {}
  used: {}
- namespaces:
    "http://blockchaintp.com/chronicle/ns#ns:testns:5a0ab5b8-eeb7-4812-9fe3-6dd69bd20cea":
      id: "http://blockchaintp.com/chronicle/ns#ns:testns:5a0ab5b8-eeb7-4812-9fe3-6dd69bd20cea"
      uuid: 5a0ab5b8-eeb7-4812-9fe3-6dd69bd20cea
      name: testns
  agents: {}
  activities:
    ? - "http://blockchaintp.com/chronicle/ns#ns:testns:5a0ab5b8-eeb7-4812-9fe3-6dd69bd20cea"
      - "http://blockchaintp.com/chronicle/ns#activity:testactivity-68"
    : id: "http://blockchaintp.com/chronicle/ns#activity:testactivity-68"
      namespaceid: "http://blockchaintp.com/chronicle/ns#ns:testns:5a0ab5b8-eeb7-4812-9fe3-6dd69bd20cea"
      name: testactivity-68
      domaintypeid: "http://blockchaintp.com/chronicle/ns#domaintype:testtype"
      started: ~
      ended: ~
  entities: {}
  was_associated_with: {}
  was_attributed_to: {}
  was_generated_by: {}
  used: {}
- namespaces:
    "http://blockchaintp.com/chronicle/ns#ns:testns:5a0ab5b8-eeb7-4812-9fe3-6dd69bd20cea":
      id: "http://blockchaintp.com/chronicle/ns#ns:testns:5a0ab5b8-eeb7-4812-9fe3-6dd69bd20cea"
      uuid: 5a0ab5b8-eeb7-4812-9fe3-6dd69bd20cea
      name: testns
  agents: {}
  activities:
    ? - "http://blockchaintp.com/chronicle/ns#ns:testns:5a0ab5b8-eeb7-4812-9fe3-6dd69bd20cea"
      - "http://blockchaintp.com/chronicle/ns#activity:testactivity-69"
    : id: "http://blockchaintp.com/chronicle/ns#activity:testactivity-69"
      namespaceid: "http://blockchaintp.com/chronicle/ns#ns:testns:5a0ab5b8-eeb7-4812-9fe3-6dd69bd20cea"
      name: testactivity-69
      domaintypeid: "http://blockchaintp.com/chronicle/ns#domaintype:testtype"
      started: ~
      ended: ~
  entities: {}
  was_associated_with: {}
  was_attributed_to: {}
  was_generated_by: {}
  used: {}
- namespaces:
    "http://blockchaintp.com/chronicle/ns#ns:testns:5a0ab5b8-eeb7-4812-9fe3-6dd69bd20cea":
      id: "http://blockchaintp.com/chronicle/ns#ns:testns:5a0ab5b8-eeb7-4812-9fe3-6dd69bd20cea"
      uuid: 5a0ab5b8-eeb7-4812-9fe3-6dd69bd20cea
      name: testns
  agents: {}
  activities:
    ? - "http://blockchaintp.com/chronicle/ns#ns:testns:5a0ab5b8-eeb7-4812-9fe3-6dd69bd20cea"
      - "http://blockchaintp.com/chronicle/ns#activity:testactivity-70"
    : id: "http://blockchaintp.com/chronicle/ns#activity:testactivity-70"
      namespaceid: "http://blockchaintp.com/chronicle/ns#ns:testns:5a0ab5b8-eeb7-4812-9fe3-6dd69bd20cea"
      name: testactivity-70
      domaintypeid: "http://blockchaintp.com/chronicle/ns#domaintype:testtype"
      started: ~
      ended: ~
  entities: {}
  was_associated_with: {}
  was_attributed_to: {}
  was_generated_by: {}
  used: {}
- namespaces:
    "http://blockchaintp.com/chronicle/ns#ns:testns:5a0ab5b8-eeb7-4812-9fe3-6dd69bd20cea":
      id: "http://blockchaintp.com/chronicle/ns#ns:testns:5a0ab5b8-eeb7-4812-9fe3-6dd69bd20cea"
      uuid: 5a0ab5b8-eeb7-4812-9fe3-6dd69bd20cea
      name: testns
  agents: {}
  activities:
    ? - "http://blockchaintp.com/chronicle/ns#ns:testns:5a0ab5b8-eeb7-4812-9fe3-6dd69bd20cea"
      - "http://blockchaintp.com/chronicle/ns#activity:testactivity-71"
    : id: "http://blockchaintp.com/chronicle/ns#activity:testactivity-71"
      namespaceid: "http://blockchaintp.com/chronicle/ns#ns:testns:5a0ab5b8-eeb7-4812-9fe3-6dd69bd20cea"
      name: testactivity-71
      domaintypeid: "http://blockchaintp.com/chronicle/ns#domaintype:testtype"
      started: ~
      ended: ~
  entities: {}
  was_associated_with: {}
  was_attributed_to: {}
  was_generated_by: {}
  used: {}
- namespaces:
    "http://blockchaintp.com/chronicle/ns#ns:testns:5a0ab5b8-eeb7-4812-9fe3-6dd69bd20cea":
      id: "http://blockchaintp.com/chronicle/ns#ns:testns:5a0ab5b8-eeb7-4812-9fe3-6dd69bd20cea"
      uuid: 5a0ab5b8-eeb7-4812-9fe3-6dd69bd20cea
      name: testns
  agents: {}
  activities:
    ? - "http://blockchaintp.com/chronicle/ns#ns:testns:5a0ab5b8-eeb7-4812-9fe3-6dd69bd20cea"
      - "http://blockchaintp.com/chronicle/ns#activity:testactivity-72"
    : id: "http://blockchaintp.com/chronicle/ns#activity:testactivity-72"
      namespaceid: "http://blockchaintp.com/chronicle/ns#ns:testns:5a0ab5b8-eeb7-4812-9fe3-6dd69bd20cea"
      name: testactivity-72
      domaintypeid: "http://blockchaintp.com/chronicle/ns#domaintype:testtype"
      started: ~
      ended: ~
  entities: {}
  was_associated_with: {}
  was_attributed_to: {}
  was_generated_by: {}
  used: {}
- namespaces:
    "http://blockchaintp.com/chronicle/ns#ns:testns:5a0ab5b8-eeb7-4812-9fe3-6dd69bd20cea":
      id: "http://blockchaintp.com/chronicle/ns#ns:testns:5a0ab5b8-eeb7-4812-9fe3-6dd69bd20cea"
      uuid: 5a0ab5b8-eeb7-4812-9fe3-6dd69bd20cea
      name: testns
  agents: {}
  activities:
    ? - "http://blockchaintp.com/chronicle/ns#ns:testns:5a0ab5b8-eeb7-4812-9fe3-6dd69bd20cea"
      - "http://blockchaintp.com/chronicle/ns#activity:testactivity-73"
    : id: "http://blockchaintp.com/chronicle/ns#activity:testactivity-73"
      namespaceid: "http://blockchaintp.com/chronicle/ns#ns:testns:5a0ab5b8-eeb7-4812-9fe3-6dd69bd20cea"
      name: testactivity-73
      domaintypeid: "http://blockchaintp.com/chronicle/ns#domaintype:testtype"
      started: ~
      ended: ~
  entities: {}
  was_associated_with: {}
  was_attributed_to: {}
  was_generated_by: {}
  used: {}
- namespaces:
    "http://blockchaintp.com/chronicle/ns#ns:testns:5a0ab5b8-eeb7-4812-9fe3-6dd69bd20cea":
      id: "http://blockchaintp.com/chronicle/ns#ns:testns:5a0ab5b8-eeb7-4812-9fe3-6dd69bd20cea"
      uuid: 5a0ab5b8-eeb7-4812-9fe3-6dd69bd20cea
      name: testns
  agents: {}
  activities:
    ? - "http://blockchaintp.com/chronicle/ns#ns:testns:5a0ab5b8-eeb7-4812-9fe3-6dd69bd20cea"
      - "http://blockchaintp.com/chronicle/ns#activity:testactivity-74"
    : id: "http://blockchaintp.com/chronicle/ns#activity:testactivity-74"
      namespaceid: "http://blockchaintp.com/chronicle/ns#ns:testns:5a0ab5b8-eeb7-4812-9fe3-6dd69bd20cea"
      name: testactivity-74
      domaintypeid: "http://blockchaintp.com/chronicle/ns#domaintype:testtype"
      started: ~
      ended: ~
  entities: {}
  was_associated_with: {}
  was_attributed_to: {}
  was_generated_by: {}
  used: {}
- namespaces:
    "http://blockchaintp.com/chronicle/ns#ns:testns:5a0ab5b8-eeb7-4812-9fe3-6dd69bd20cea":
      id: "http://blockchaintp.com/chronicle/ns#ns:testns:5a0ab5b8-eeb7-4812-9fe3-6dd69bd20cea"
      uuid: 5a0ab5b8-eeb7-4812-9fe3-6dd69bd20cea
      name: testns
  agents: {}
  activities:
    ? - "http://blockchaintp.com/chronicle/ns#ns:testns:5a0ab5b8-eeb7-4812-9fe3-6dd69bd20cea"
      - "http://blockchaintp.com/chronicle/ns#activity:testactivity-75"
    : id: "http://blockchaintp.com/chronicle/ns#activity:testactivity-75"
      namespaceid: "http://blockchaintp.com/chronicle/ns#ns:testns:5a0ab5b8-eeb7-4812-9fe3-6dd69bd20cea"
      name: testactivity-75
      domaintypeid: "http://blockchaintp.com/chronicle/ns#domaintype:testtype"
      started: ~
      ended: ~
  entities: {}
  was_associated_with: {}
  was_attributed_to: {}
  was_generated_by: {}
  used: {}
- namespaces:
    "http://blockchaintp.com/chronicle/ns#ns:testns:5a0ab5b8-eeb7-4812-9fe3-6dd69bd20cea":
      id: "http://blockchaintp.com/chronicle/ns#ns:testns:5a0ab5b8-eeb7-4812-9fe3-6dd69bd20cea"
      uuid: 5a0ab5b8-eeb7-4812-9fe3-6dd69bd20cea
      name: testns
  agents: {}
  activities:
    ? - "http://blockchaintp.com/chronicle/ns#ns:testns:5a0ab5b8-eeb7-4812-9fe3-6dd69bd20cea"
      - "http://blockchaintp.com/chronicle/ns#activity:testactivity-76"
    : id: "http://blockchaintp.com/chronicle/ns#activity:testactivity-76"
      namespaceid: "http://blockchaintp.com/chronicle/ns#ns:testns:5a0ab5b8-eeb7-4812-9fe3-6dd69bd20cea"
      name: testactivity-76
      domaintypeid: "http://blockchaintp.com/chronicle/ns#domaintype:testtype"
      started: ~
      ended: ~
  entities: {}
  was_associated_with: {}
  was_attributed_to: {}
  was_generated_by: {}
  used: {}
- namespaces:
    "http://blockchaintp.com/chronicle/ns#ns:testns:5a0ab5b8-eeb7-4812-9fe3-6dd69bd20cea":
      id: "http://blockchaintp.com/chronicle/ns#ns:testns:5a0ab5b8-eeb7-4812-9fe3-6dd69bd20cea"
      uuid: 5a0ab5b8-eeb7-4812-9fe3-6dd69bd20cea
      name: testns
  agents: {}
  activities:
    ? - "http://blockchaintp.com/chronicle/ns#ns:testns:5a0ab5b8-eeb7-4812-9fe3-6dd69bd20cea"
      - "http://blockchaintp.com/chronicle/ns#activity:testactivity-77"
    : id: "http://blockchaintp.com/chronicle/ns#activity:testactivity-77"
      namespaceid: "http://blockchaintp.com/chronicle/ns#ns:testns:5a0ab5b8-eeb7-4812-9fe3-6dd69bd20cea"
      name: testactivity-77
      domaintypeid: "http://blockchaintp.com/chronicle/ns#domaintype:testtype"
      started: ~
      ended: ~
  entities: {}
  was_associated_with: {}
  was_attributed_to: {}
  was_generated_by: {}
  used: {}
- namespaces:
    "http://blockchaintp.com/chronicle/ns#ns:testns:5a0ab5b8-eeb7-4812-9fe3-6dd69bd20cea":
      id: "http://blockchaintp.com/chronicle/ns#ns:testns:5a0ab5b8-eeb7-4812-9fe3-6dd69bd20cea"
      uuid: 5a0ab5b8-eeb7-4812-9fe3-6dd69bd20cea
      name: testns
  agents: {}
  activities:
    ? - "http://blockchaintp.com/chronicle/ns#ns:testns:5a0ab5b8-eeb7-4812-9fe3-6dd69bd20cea"
      - "http://blockchaintp.com/chronicle/ns#activity:testactivity-78"
    : id: "http://blockchaintp.com/chronicle/ns#activity:testactivity-78"
      namespaceid: "http://blockchaintp.com/chronicle/ns#ns:testns:5a0ab5b8-eeb7-4812-9fe3-6dd69bd20cea"
      name: testactivity-78
      domaintypeid: "http://blockchaintp.com/chronicle/ns#domaintype:testtype"
      started: ~
      ended: ~
  entities: {}
  was_associated_with: {}
  was_attributed_to: {}
  was_generated_by: {}
  used: {}
- namespaces:
    "http://blockchaintp.com/chronicle/ns#ns:testns:5a0ab5b8-eeb7-4812-9fe3-6dd69bd20cea":
      id: "http://blockchaintp.com/chronicle/ns#ns:testns:5a0ab5b8-eeb7-4812-9fe3-6dd69bd20cea"
      uuid: 5a0ab5b8-eeb7-4812-9fe3-6dd69bd20cea
      name: testns
  agents: {}
  activities:
    ? - "http://blockchaintp.com/chronicle/ns#ns:testns:5a0ab5b8-eeb7-4812-9fe3-6dd69bd20cea"
      - "http://blockchaintp.com/chronicle/ns#activity:testactivity-79"
    : id: "http://blockchaintp.com/chronicle/ns#activity:testactivity-79"
      namespaceid: "http://blockchaintp.com/chronicle/ns#ns:testns:5a0ab5b8-eeb7-4812-9fe3-6dd69bd20cea"
      name: testactivity-79
      domaintypeid: "http://blockchaintp.com/chronicle/ns#domaintype:testtype"
      started: ~
      ended: ~
  entities: {}
  was_associated_with: {}
  was_attributed_to: {}
  was_generated_by: {}
  used: {}
- namespaces:
    "http://blockchaintp.com/chronicle/ns#ns:testns:5a0ab5b8-eeb7-4812-9fe3-6dd69bd20cea":
      id: "http://blockchaintp.com/chronicle/ns#ns:testns:5a0ab5b8-eeb7-4812-9fe3-6dd69bd20cea"
      uuid: 5a0ab5b8-eeb7-4812-9fe3-6dd69bd20cea
      name: testns
  agents: {}
  activities:
    ? - "http://blockchaintp.com/chronicle/ns#ns:testns:5a0ab5b8-eeb7-4812-9fe3-6dd69bd20cea"
      - "http://blockchaintp.com/chronicle/ns#activity:testactivity-80"
    : id: "http://blockchaintp.com/chronicle/ns#activity:testactivity-80"
      namespaceid: "http://blockchaintp.com/chronicle/ns#ns:testns:5a0ab5b8-eeb7-4812-9fe3-6dd69bd20cea"
      name: testactivity-80
      domaintypeid: "http://blockchaintp.com/chronicle/ns#domaintype:testtype"
      started: ~
      ended: ~
  entities: {}
  was_associated_with: {}
  was_attributed_to: {}
  was_generated_by: {}
  used: {}
- namespaces:
    "http://blockchaintp.com/chronicle/ns#ns:testns:5a0ab5b8-eeb7-4812-9fe3-6dd69bd20cea":
      id: "http://blockchaintp.com/chronicle/ns#ns:testns:5a0ab5b8-eeb7-4812-9fe3-6dd69bd20cea"
      uuid: 5a0ab5b8-eeb7-4812-9fe3-6dd69bd20cea
      name: testns
  agents: {}
  activities:
    ? - "http://blockchaintp.com/chronicle/ns#ns:testns:5a0ab5b8-eeb7-4812-9fe3-6dd69bd20cea"
      - "http://blockchaintp.com/chronicle/ns#activity:testactivity-81"
    : id: "http://blockchaintp.com/chronicle/ns#activity:testactivity-81"
      namespaceid: "http://blockchaintp.com/chronicle/ns#ns:testns:5a0ab5b8-eeb7-4812-9fe3-6dd69bd20cea"
      name: testactivity-81
      domaintypeid: "http://blockchaintp.com/chronicle/ns#domaintype:testtype"
      started: ~
      ended: ~
  entities: {}
  was_associated_with: {}
  was_attributed_to: {}
  was_generated_by: {}
  used: {}
- namespaces:
    "http://blockchaintp.com/chronicle/ns#ns:testns:5a0ab5b8-eeb7-4812-9fe3-6dd69bd20cea":
      id: "http://blockchaintp.com/chronicle/ns#ns:testns:5a0ab5b8-eeb7-4812-9fe3-6dd69bd20cea"
      uuid: 5a0ab5b8-eeb7-4812-9fe3-6dd69bd20cea
      name: testns
  agents: {}
  activities:
    ? - "http://blockchaintp.com/chronicle/ns#ns:testns:5a0ab5b8-eeb7-4812-9fe3-6dd69bd20cea"
      - "http://blockchaintp.com/chronicle/ns#activity:testactivity-82"
    : id: "http://blockchaintp.com/chronicle/ns#activity:testactivity-82"
      namespaceid: "http://blockchaintp.com/chronicle/ns#ns:testns:5a0ab5b8-eeb7-4812-9fe3-6dd69bd20cea"
      name: testactivity-82
      domaintypeid: "http://blockchaintp.com/chronicle/ns#domaintype:testtype"
      started: ~
      ended: ~
  entities: {}
  was_associated_with: {}
  was_attributed_to: {}
  was_generated_by: {}
  used: {}
- namespaces:
    "http://blockchaintp.com/chronicle/ns#ns:testns:5a0ab5b8-eeb7-4812-9fe3-6dd69bd20cea":
      id: "http://blockchaintp.com/chronicle/ns#ns:testns:5a0ab5b8-eeb7-4812-9fe3-6dd69bd20cea"
      uuid: 5a0ab5b8-eeb7-4812-9fe3-6dd69bd20cea
      name: testns
  agents: {}
  activities:
    ? - "http://blockchaintp.com/chronicle/ns#ns:testns:5a0ab5b8-eeb7-4812-9fe3-6dd69bd20cea"
      - "http://blockchaintp.com/chronicle/ns#activity:testactivity-83"
    : id: "http://blockchaintp.com/chronicle/ns#activity:testactivity-83"
      namespaceid: "http://blockchaintp.com/chronicle/ns#ns:testns:5a0ab5b8-eeb7-4812-9fe3-6dd69bd20cea"
      name: testactivity-83
      domaintypeid: "http://blockchaintp.com/chronicle/ns#domaintype:testtype"
      started: ~
      ended: ~
  entities: {}
  was_associated_with: {}
  was_attributed_to: {}
  was_generated_by: {}
  used: {}
- namespaces:
    "http://blockchaintp.com/chronicle/ns#ns:testns:5a0ab5b8-eeb7-4812-9fe3-6dd69bd20cea":
      id: "http://blockchaintp.com/chronicle/ns#ns:testns:5a0ab5b8-eeb7-4812-9fe3-6dd69bd20cea"
      uuid: 5a0ab5b8-eeb7-4812-9fe3-6dd69bd20cea
      name: testns
  agents: {}
  activities:
    ? - "http://blockchaintp.com/chronicle/ns#ns:testns:5a0ab5b8-eeb7-4812-9fe3-6dd69bd20cea"
      - "http://blockchaintp.com/chronicle/ns#activity:testactivity-84"
    : id: "http://blockchaintp.com/chronicle/ns#activity:testactivity-84"
      namespaceid: "http://blockchaintp.com/chronicle/ns#ns:testns:5a0ab5b8-eeb7-4812-9fe3-6dd69bd20cea"
      name: testactivity-84
      domaintypeid: "http://blockchaintp.com/chronicle/ns#domaintype:testtype"
      started: ~
      ended: ~
  entities: {}
  was_associated_with: {}
  was_attributed_to: {}
  was_generated_by: {}
  used: {}
- namespaces:
    "http://blockchaintp.com/chronicle/ns#ns:testns:5a0ab5b8-eeb7-4812-9fe3-6dd69bd20cea":
      id: "http://blockchaintp.com/chronicle/ns#ns:testns:5a0ab5b8-eeb7-4812-9fe3-6dd69bd20cea"
      uuid: 5a0ab5b8-eeb7-4812-9fe3-6dd69bd20cea
      name: testns
  agents: {}
  activities:
    ? - "http://blockchaintp.com/chronicle/ns#ns:testns:5a0ab5b8-eeb7-4812-9fe3-6dd69bd20cea"
      - "http://blockchaintp.com/chronicle/ns#activity:testactivity-85"
    : id: "http://blockchaintp.com/chronicle/ns#activity:testactivity-85"
      namespaceid: "http://blockchaintp.com/chronicle/ns#ns:testns:5a0ab5b8-eeb7-4812-9fe3-6dd69bd20cea"
      name: testactivity-85
      domaintypeid: "http://blockchaintp.com/chronicle/ns#domaintype:testtype"
      started: ~
      ended: ~
  entities: {}
  was_associated_with: {}
  was_attributed_to: {}
  was_generated_by: {}
  used: {}
- namespaces:
    "http://blockchaintp.com/chronicle/ns#ns:testns:5a0ab5b8-eeb7-4812-9fe3-6dd69bd20cea":
      id: "http://blockchaintp.com/chronicle/ns#ns:testns:5a0ab5b8-eeb7-4812-9fe3-6dd69bd20cea"
      uuid: 5a0ab5b8-eeb7-4812-9fe3-6dd69bd20cea
      name: testns
  agents: {}
  activities:
    ? - "http://blockchaintp.com/chronicle/ns#ns:testns:5a0ab5b8-eeb7-4812-9fe3-6dd69bd20cea"
      - "http://blockchaintp.com/chronicle/ns#activity:testactivity-86"
    : id: "http://blockchaintp.com/chronicle/ns#activity:testactivity-86"
      namespaceid: "http://blockchaintp.com/chronicle/ns#ns:testns:5a0ab5b8-eeb7-4812-9fe3-6dd69bd20cea"
      name: testactivity-86
      domaintypeid: "http://blockchaintp.com/chronicle/ns#domaintype:testtype"
      started: ~
      ended: ~
  entities: {}
  was_associated_with: {}
  was_attributed_to: {}
  was_generated_by: {}
  used: {}
- namespaces:
    "http://blockchaintp.com/chronicle/ns#ns:testns:5a0ab5b8-eeb7-4812-9fe3-6dd69bd20cea":
      id: "http://blockchaintp.com/chronicle/ns#ns:testns:5a0ab5b8-eeb7-4812-9fe3-6dd69bd20cea"
      uuid: 5a0ab5b8-eeb7-4812-9fe3-6dd69bd20cea
      name: testns
  agents: {}
  activities:
    ? - "http://blockchaintp.com/chronicle/ns#ns:testns:5a0ab5b8-eeb7-4812-9fe3-6dd69bd20cea"
      - "http://blockchaintp.com/chronicle/ns#activity:testactivity-87"
    : id: "http://blockchaintp.com/chronicle/ns#activity:testactivity-87"
      namespaceid: "http://blockchaintp.com/chronicle/ns#ns:testns:5a0ab5b8-eeb7-4812-9fe3-6dd69bd20cea"
      name: testactivity-87
      domaintypeid: "http://blockchaintp.com/chronicle/ns#domaintype:testtype"
      started: ~
      ended: ~
  entities: {}
  was_associated_with: {}
  was_attributed_to: {}
  was_generated_by: {}
  used: {}
- namespaces:
    "http://blockchaintp.com/chronicle/ns#ns:testns:5a0ab5b8-eeb7-4812-9fe3-6dd69bd20cea":
      id: "http://blockchaintp.com/chronicle/ns#ns:testns:5a0ab5b8-eeb7-4812-9fe3-6dd69bd20cea"
      uuid: 5a0ab5b8-eeb7-4812-9fe3-6dd69bd20cea
      name: testns
  agents: {}
  activities:
    ? - "http://blockchaintp.com/chronicle/ns#ns:testns:5a0ab5b8-eeb7-4812-9fe3-6dd69bd20cea"
      - "http://blockchaintp.com/chronicle/ns#activity:testactivity-88"
    : id: "http://blockchaintp.com/chronicle/ns#activity:testactivity-88"
      namespaceid: "http://blockchaintp.com/chronicle/ns#ns:testns:5a0ab5b8-eeb7-4812-9fe3-6dd69bd20cea"
      name: testactivity-88
      domaintypeid: "http://blockchaintp.com/chronicle/ns#domaintype:testtype"
      started: ~
      ended: ~
  entities: {}
  was_associated_with: {}
  was_attributed_to: {}
  was_generated_by: {}
  used: {}
- namespaces:
    "http://blockchaintp.com/chronicle/ns#ns:testns:5a0ab5b8-eeb7-4812-9fe3-6dd69bd20cea":
      id: "http://blockchaintp.com/chronicle/ns#ns:testns:5a0ab5b8-eeb7-4812-9fe3-6dd69bd20cea"
      uuid: 5a0ab5b8-eeb7-4812-9fe3-6dd69bd20cea
      name: testns
  agents: {}
  activities:
    ? - "http://blockchaintp.com/chronicle/ns#ns:testns:5a0ab5b8-eeb7-4812-9fe3-6dd69bd20cea"
      - "http://blockchaintp.com/chronicle/ns#activity:testactivity-89"
    : id: "http://blockchaintp.com/chronicle/ns#activity:testactivity-89"
      namespaceid: "http://blockchaintp.com/chronicle/ns#ns:testns:5a0ab5b8-eeb7-4812-9fe3-6dd69bd20cea"
      name: testactivity-89
      domaintypeid: "http://blockchaintp.com/chronicle/ns#domaintype:testtype"
      started: ~
      ended: ~
  entities: {}
  was_associated_with: {}
  was_attributed_to: {}
  was_generated_by: {}
  used: {}
- namespaces:
    "http://blockchaintp.com/chronicle/ns#ns:testns:5a0ab5b8-eeb7-4812-9fe3-6dd69bd20cea":
      id: "http://blockchaintp.com/chronicle/ns#ns:testns:5a0ab5b8-eeb7-4812-9fe3-6dd69bd20cea"
      uuid: 5a0ab5b8-eeb7-4812-9fe3-6dd69bd20cea
      name: testns
  agents: {}
  activities:
    ? - "http://blockchaintp.com/chronicle/ns#ns:testns:5a0ab5b8-eeb7-4812-9fe3-6dd69bd20cea"
      - "http://blockchaintp.com/chronicle/ns#activity:testactivity-90"
    : id: "http://blockchaintp.com/chronicle/ns#activity:testactivity-90"
      namespaceid: "http://blockchaintp.com/chronicle/ns#ns:testns:5a0ab5b8-eeb7-4812-9fe3-6dd69bd20cea"
      name: testactivity-90
      domaintypeid: "http://blockchaintp.com/chronicle/ns#domaintype:testtype"
      started: ~
      ended: ~
  entities: {}
  was_associated_with: {}
  was_attributed_to: {}
  was_generated_by: {}
  used: {}
- namespaces:
    "http://blockchaintp.com/chronicle/ns#ns:testns:5a0ab5b8-eeb7-4812-9fe3-6dd69bd20cea":
      id: "http://blockchaintp.com/chronicle/ns#ns:testns:5a0ab5b8-eeb7-4812-9fe3-6dd69bd20cea"
      uuid: 5a0ab5b8-eeb7-4812-9fe3-6dd69bd20cea
      name: testns
  agents: {}
  activities:
    ? - "http://blockchaintp.com/chronicle/ns#ns:testns:5a0ab5b8-eeb7-4812-9fe3-6dd69bd20cea"
      - "http://blockchaintp.com/chronicle/ns#activity:testactivity-91"
    : id: "http://blockchaintp.com/chronicle/ns#activity:testactivity-91"
      namespaceid: "http://blockchaintp.com/chronicle/ns#ns:testns:5a0ab5b8-eeb7-4812-9fe3-6dd69bd20cea"
      name: testactivity-91
      domaintypeid: "http://blockchaintp.com/chronicle/ns#domaintype:testtype"
      started: ~
      ended: ~
  entities: {}
  was_associated_with: {}
  was_attributed_to: {}
  was_generated_by: {}
  used: {}
- namespaces:
    "http://blockchaintp.com/chronicle/ns#ns:testns:5a0ab5b8-eeb7-4812-9fe3-6dd69bd20cea":
      id: "http://blockchaintp.com/chronicle/ns#ns:testns:5a0ab5b8-eeb7-4812-9fe3-6dd69bd20cea"
      uuid: 5a0ab5b8-eeb7-4812-9fe3-6dd69bd20cea
      name: testns
  agents: {}
  activities:
    ? - "http://blockchaintp.com/chronicle/ns#ns:testns:5a0ab5b8-eeb7-4812-9fe3-6dd69bd20cea"
      - "http://blockchaintp.com/chronicle/ns#activity:testactivity-92"
    : id: "http://blockchaintp.com/chronicle/ns#activity:testactivity-92"
      namespaceid: "http://blockchaintp.com/chronicle/ns#ns:testns:5a0ab5b8-eeb7-4812-9fe3-6dd69bd20cea"
      name: testactivity-92
      domaintypeid: "http://blockchaintp.com/chronicle/ns#domaintype:testtype"
      started: ~
      ended: ~
  entities: {}
  was_associated_with: {}
  was_attributed_to: {}
  was_generated_by: {}
  used: {}
- namespaces:
    "http://blockchaintp.com/chronicle/ns#ns:testns:5a0ab5b8-eeb7-4812-9fe3-6dd69bd20cea":
      id: "http://blockchaintp.com/chronicle/ns#ns:testns:5a0ab5b8-eeb7-4812-9fe3-6dd69bd20cea"
      uuid: 5a0ab5b8-eeb7-4812-9fe3-6dd69bd20cea
      name: testns
  agents: {}
  activities:
    ? - "http://blockchaintp.com/chronicle/ns#ns:testns:5a0ab5b8-eeb7-4812-9fe3-6dd69bd20cea"
      - "http://blockchaintp.com/chronicle/ns#activity:testactivity-93"
    : id: "http://blockchaintp.com/chronicle/ns#activity:testactivity-93"
      namespaceid: "http://blockchaintp.com/chronicle/ns#ns:testns:5a0ab5b8-eeb7-4812-9fe3-6dd69bd20cea"
      name: testactivity-93
      domaintypeid: "http://blockchaintp.com/chronicle/ns#domaintype:testtype"
      started: ~
      ended: ~
  entities: {}
  was_associated_with: {}
  was_attributed_to: {}
  was_generated_by: {}
  used: {}
- namespaces:
    "http://blockchaintp.com/chronicle/ns#ns:testns:5a0ab5b8-eeb7-4812-9fe3-6dd69bd20cea":
      id: "http://blockchaintp.com/chronicle/ns#ns:testns:5a0ab5b8-eeb7-4812-9fe3-6dd69bd20cea"
      uuid: 5a0ab5b8-eeb7-4812-9fe3-6dd69bd20cea
      name: testns
  agents: {}
  activities:
    ? - "http://blockchaintp.com/chronicle/ns#ns:testns:5a0ab5b8-eeb7-4812-9fe3-6dd69bd20cea"
      - "http://blockchaintp.com/chronicle/ns#activity:testactivity-94"
    : id: "http://blockchaintp.com/chronicle/ns#activity:testactivity-94"
      namespaceid: "http://blockchaintp.com/chronicle/ns#ns:testns:5a0ab5b8-eeb7-4812-9fe3-6dd69bd20cea"
      name: testactivity-94
      domaintypeid: "http://blockchaintp.com/chronicle/ns#domaintype:testtype"
      started: ~
      ended: ~
  entities: {}
  was_associated_with: {}
  was_attributed_to: {}
  was_generated_by: {}
  used: {}
- namespaces:
    "http://blockchaintp.com/chronicle/ns#ns:testns:5a0ab5b8-eeb7-4812-9fe3-6dd69bd20cea":
      id: "http://blockchaintp.com/chronicle/ns#ns:testns:5a0ab5b8-eeb7-4812-9fe3-6dd69bd20cea"
      uuid: 5a0ab5b8-eeb7-4812-9fe3-6dd69bd20cea
      name: testns
  agents: {}
  activities:
    ? - "http://blockchaintp.com/chronicle/ns#ns:testns:5a0ab5b8-eeb7-4812-9fe3-6dd69bd20cea"
      - "http://blockchaintp.com/chronicle/ns#activity:testactivity-95"
    : id: "http://blockchaintp.com/chronicle/ns#activity:testactivity-95"
      namespaceid: "http://blockchaintp.com/chronicle/ns#ns:testns:5a0ab5b8-eeb7-4812-9fe3-6dd69bd20cea"
      name: testactivity-95
      domaintypeid: "http://blockchaintp.com/chronicle/ns#domaintype:testtype"
      started: ~
      ended: ~
  entities: {}
  was_associated_with: {}
  was_attributed_to: {}
  was_generated_by: {}
  used: {}
- namespaces:
    "http://blockchaintp.com/chronicle/ns#ns:testns:5a0ab5b8-eeb7-4812-9fe3-6dd69bd20cea":
      id: "http://blockchaintp.com/chronicle/ns#ns:testns:5a0ab5b8-eeb7-4812-9fe3-6dd69bd20cea"
      uuid: 5a0ab5b8-eeb7-4812-9fe3-6dd69bd20cea
      name: testns
  agents: {}
  activities:
    ? - "http://blockchaintp.com/chronicle/ns#ns:testns:5a0ab5b8-eeb7-4812-9fe3-6dd69bd20cea"
      - "http://blockchaintp.com/chronicle/ns#activity:testactivity-96"
    : id: "http://blockchaintp.com/chronicle/ns#activity:testactivity-96"
      namespaceid: "http://blockchaintp.com/chronicle/ns#ns:testns:5a0ab5b8-eeb7-4812-9fe3-6dd69bd20cea"
      name: testactivity-96
      domaintypeid: "http://blockchaintp.com/chronicle/ns#domaintype:testtype"
      started: ~
      ended: ~
  entities: {}
  was_associated_with: {}
  was_attributed_to: {}
  was_generated_by: {}
  used: {}
- namespaces:
    "http://blockchaintp.com/chronicle/ns#ns:testns:5a0ab5b8-eeb7-4812-9fe3-6dd69bd20cea":
      id: "http://blockchaintp.com/chronicle/ns#ns:testns:5a0ab5b8-eeb7-4812-9fe3-6dd69bd20cea"
      uuid: 5a0ab5b8-eeb7-4812-9fe3-6dd69bd20cea
      name: testns
  agents: {}
  activities:
    ? - "http://blockchaintp.com/chronicle/ns#ns:testns:5a0ab5b8-eeb7-4812-9fe3-6dd69bd20cea"
      - "http://blockchaintp.com/chronicle/ns#activity:testactivity-97"
    : id: "http://blockchaintp.com/chronicle/ns#activity:testactivity-97"
      namespaceid: "http://blockchaintp.com/chronicle/ns#ns:testns:5a0ab5b8-eeb7-4812-9fe3-6dd69bd20cea"
      name: testactivity-97
      domaintypeid: "http://blockchaintp.com/chronicle/ns#domaintype:testtype"
      started: ~
      ended: ~
  entities: {}
  was_associated_with: {}
  was_attributed_to: {}
  was_generated_by: {}
  used: {}
- namespaces:
    "http://blockchaintp.com/chronicle/ns#ns:testns:5a0ab5b8-eeb7-4812-9fe3-6dd69bd20cea":
      id: "http://blockchaintp.com/chronicle/ns#ns:testns:5a0ab5b8-eeb7-4812-9fe3-6dd69bd20cea"
      uuid: 5a0ab5b8-eeb7-4812-9fe3-6dd69bd20cea
      name: testns
  agents: {}
  activities:
    ? - "http://blockchaintp.com/chronicle/ns#ns:testns:5a0ab5b8-eeb7-4812-9fe3-6dd69bd20cea"
      - "http://blockchaintp.com/chronicle/ns#activity:testactivity-98"
    : id: "http://blockchaintp.com/chronicle/ns#activity:testactivity-98"
      namespaceid: "http://blockchaintp.com/chronicle/ns#ns:testns:5a0ab5b8-eeb7-4812-9fe3-6dd69bd20cea"
      name: testactivity-98
      domaintypeid: "http://blockchaintp.com/chronicle/ns#domaintype:testtype"
      started: ~
      ended: ~
  entities: {}
  was_associated_with: {}
  was_attributed_to: {}
  was_generated_by: {}
  used: {}
- namespaces:
    "http://blockchaintp.com/chronicle/ns#ns:testns:5a0ab5b8-eeb7-4812-9fe3-6dd69bd20cea":
      id: "http://blockchaintp.com/chronicle/ns#ns:testns:5a0ab5b8-eeb7-4812-9fe3-6dd69bd20cea"
      uuid: 5a0ab5b8-eeb7-4812-9fe3-6dd69bd20cea
      name: testns
  agents: {}
  activities:
    ? - "http://blockchaintp.com/chronicle/ns#ns:testns:5a0ab5b8-eeb7-4812-9fe3-6dd69bd20cea"
      - "http://blockchaintp.com/chronicle/ns#activity:testactivity-99"
    : id: "http://blockchaintp.com/chronicle/ns#activity:testactivity-99"
      namespaceid: "http://blockchaintp.com/chronicle/ns#ns:testns:5a0ab5b8-eeb7-4812-9fe3-6dd69bd20cea"
      name: testactivity-99
      domaintypeid: "http://blockchaintp.com/chronicle/ns#domaintype:testtype"
      started: ~
      ended: ~
  entities: {}
  was_associated_with: {}
  was_attributed_to: {}
  was_generated_by: {}
  used: {}
- namespaces:
    "http://blockchaintp.com/chronicle/ns#ns:testns:5a0ab5b8-eeb7-4812-9fe3-6dd69bd20cea":
      id: "http://blockchaintp.com/chronicle/ns#ns:testns:5a0ab5b8-eeb7-4812-9fe3-6dd69bd20cea"
      uuid: 5a0ab5b8-eeb7-4812-9fe3-6dd69bd20cea
      name: testns
  agents: {}
  activities:
    ? - "http://blockchaintp.com/chronicle/ns#ns:testns:5a0ab5b8-eeb7-4812-9fe3-6dd69bd20cea"
      - "http://blockchaintp.com/chronicle/ns#activity:testactivity-100"
    : id: "http://blockchaintp.com/chronicle/ns#activity:testactivity-100"
      namespaceid: "http://blockchaintp.com/chronicle/ns#ns:testns:5a0ab5b8-eeb7-4812-9fe3-6dd69bd20cea"
      name: testactivity-100
      domaintypeid: "http://blockchaintp.com/chronicle/ns#domaintype:testtype"
      started: ~
      ended: ~
  entities: {}
  was_associated_with: {}
  was_attributed_to: {}
  was_generated_by: {}
  used: {}

