---
source: chronicle-example/src/test.rs
assertion_line: 218
expression: derived
---
[data.entityById]
id = 'http://blockchaintp.com/chronicle/ns#entity:generated'
name = 'generated'

[[data.entityById.wasDerivedFrom]]
id = 'http://blockchaintp.com/chronicle/ns#entity:used'

[[data.entityById.hadPrimarySource]]
id = 'http://blockchaintp.com/chronicle/ns#entity:used'
