---
source: chronicle-example/src/test.rs
expression: out_of_bound_cursor
---
{
  "data": {
    "agentsByType": {
      "pageInfo": {
        "hasPreviousPage": true,
        "hasNextPage": false,
        "startCursor": "0",
        "endCursor": "8"
      },
      "edges": [
        {
          "node": {
            "__typename": "Friend",
            "id": "http://blockchaintp.com/chronicle/ns#agent:bobross91",
            "name": "bobross91",
            "stringAttribute": "String",
            "intAttribute": 1,
            "boolAttribute": false
          },
          "cursor": "0"
        },
        {
          "node": {
            "__typename": "Friend",
            "id": "http://blockchaintp.com/chronicle/ns#agent:bobross92",
            "name": "bobross92",
            "stringAttribute": "String",
            "intAttribute": 1,
            "boolAttribute": false
          },
          "cursor": "1"
        },
        {
          "node": {
            "__typename": "Friend",
            "id": "http://blockchaintp.com/chronicle/ns#agent:bobross93",
            "name": "bobross93",
            "stringAttribute": "String",
            "intAttribute": 1,
            "boolAttribute": false
          },
          "cursor": "2"
        },
        {
          "node": {
            "__typename": "Friend",
            "id": "http://blockchaintp.com/chronicle/ns#agent:bobross94",
            "name": "bobross94",
            "stringAttribute": "String",
            "intAttribute": 1,
            "boolAttribute": false
          },
          "cursor": "3"
        },
        {
          "node": {
            "__typename": "Friend",
            "id": "http://blockchaintp.com/chronicle/ns#agent:bobross95",
            "name": "bobross95",
            "stringAttribute": "String",
            "intAttribute": 1,
            "boolAttribute": false
          },
          "cursor": "4"
        },
        {
          "node": {
            "__typename": "Friend",
            "id": "http://blockchaintp.com/chronicle/ns#agent:bobross96",
            "name": "bobross96",
            "stringAttribute": "String",
            "intAttribute": 1,
            "boolAttribute": false
          },
          "cursor": "5"
        },
        {
          "node": {
            "__typename": "Friend",
            "id": "http://blockchaintp.com/chronicle/ns#agent:bobross97",
            "name": "bobross97",
            "stringAttribute": "String",
            "intAttribute": 1,
            "boolAttribute": false
          },
          "cursor": "6"
        },
        {
          "node": {
            "__typename": "Friend",
            "id": "http://blockchaintp.com/chronicle/ns#agent:bobross98",
            "name": "bobross98",
            "stringAttribute": "String",
            "intAttribute": 1,
            "boolAttribute": false
          },
          "cursor": "7"
        },
        {
          "node": {
            "__typename": "Friend",
            "id": "http://blockchaintp.com/chronicle/ns#agent:bobross99",
            "name": "bobross99",
            "stringAttribute": "String",
            "intAttribute": 1,
            "boolAttribute": false
          },
          "cursor": "8"
        }
      ]
    }
  }
}
