---
source: chronicle/src/codegen/model.rs
expression: domain
---
ChronicleDomainDef {
    name: "test",
    attributes: [
        AttributeDef {
            typ: "stringAttribute",
            primitive_type: String,
        },
    ],
    agents: [
        AgentDef {
            name: "friend",
            attributes: [
                AttributeDef {
                    typ: "stringAttribute",
                    primitive_type: String,
                },
            ],
        },
    ],
    entities: [
        EntityDef {
            name: "octopi",
            attributes: [
                AttributeDef {
                    typ: "stringAttribute",
                    primitive_type: String,
                },
            ],
        },
        EntityDef {
            name: "the sea",
            attributes: [
                AttributeDef {
                    typ: "stringAttribute",
                    primitive_type: String,
                },
            ],
        },
    ],
    activities: [],
}
