---
source: chronicle/src/codegen/model.rs
expression: "ChronicleDomainDef::from_file_model(serde_json::from_str::<DomainFileInput>(json).unwrap()).unwrap()"
---
ChronicleDomainDef {
    name: "chronicle",
    attributes: [
        AttributeDef {
            typ: "stringAttribute",
            primitive_type: String,
        },
    ],
    agents: [],
    entities: [],
    activities: [],
}
