---
source: chronicle/src/codegen/model.rs
expression: input
---
DomainFileInput {
    name: "test",
    attributes: {
        "string": AttributeFileInput {
            typ: String,
        },
    },
    agents: {
        "friend": {
            "string": AttributeFileInput {
                typ: String,
            },
        },
    },
    entities: {
        "octopi": {
            "string": AttributeFileInput {
                typ: String,
            },
        },
    },
    activities: {
        "gardening": {
            "string": AttributeFileInput {
                typ: String,
            },
        },
    },
}
