---
source: chronicle/src/codegen/model.rs
expression: "ChronicleDomainDef::from_file_model(serde_yaml::from_str::<DomainFileInput>(yaml).unwrap()).unwrap()"
---
ChronicleDomainDef {
    name: "test",
    attributes: [
        AttributeDef {
            typ: "stringAttribute",
            primitive_type: String,
        },
    ],
    agents: [
        AgentDef {
            name: "friend",
            attributes: [
                AttributeDef {
                    typ: "stringAttribute",
                    primitive_type: String,
                },
            ],
        },
    ],
    entities: [],
    activities: [],
}
