---
source: chronicle-domain-test/src/test.rs
assertion_line: 539
expression: default_cursor
---
{
  "data": {
    "activityTimeline": {
      "pageInfo": {
        "hasPreviousPage": false,
        "hasNextPage": false,
        "startCursor": "0",
        "endCursor": "8"
      },
      "edges": [
        {
          "node": {
            "__typename": "Gardening",
            "id": "http://blockchaintp.com/chronicle/ns#activity:gardening1",
            "name": "gardening1",
            "stringAttribute": "String",
            "intAttribute": 1,
            "boolAttribute": false,
            "wasAssociatedWith": [
              {
                "responsible": {
                  "agent": {
                    "id": "http://blockchaintp.com/chronicle/ns#agent:ringo",
                    "name": "ringo"
                  },
                  "role": "RESPONSIBLE"
                }
              }
            ],
            "used": [
              {
                "id": "http://blockchaintp.com/chronicle/ns#entity:coral",
                "name": "coral"
              }
            ]
          },
          "cursor": "0"
        },
        {
          "node": {
            "__typename": "Gardening",
            "id": "http://blockchaintp.com/chronicle/ns#activity:gardening2",
            "name": "gardening2",
            "stringAttribute": "String",
            "intAttribute": 1,
            "boolAttribute": false,
            "wasAssociatedWith": [
              {
                "responsible": {
                  "agent": {
                    "id": "http://blockchaintp.com/chronicle/ns#agent:ringo",
                    "name": "ringo"
                  },
                  "role": "RESPONSIBLE"
                }
              }
            ],
            "used": [
              {
                "id": "http://blockchaintp.com/chronicle/ns#entity:coral",
                "name": "coral"
              }
            ]
          },
          "cursor": "1"
        },
        {
          "node": {
            "__typename": "Gardening",
            "id": "http://blockchaintp.com/chronicle/ns#activity:gardening3",
            "name": "gardening3",
            "stringAttribute": "String",
            "intAttribute": 1,
            "boolAttribute": false,
            "wasAssociatedWith": [
              {
                "responsible": {
                  "agent": {
                    "id": "http://blockchaintp.com/chronicle/ns#agent:ringo",
                    "name": "ringo"
                  },
                  "role": "RESPONSIBLE"
                }
              }
            ],
            "used": [
              {
                "id": "http://blockchaintp.com/chronicle/ns#entity:coral",
                "name": "coral"
              }
            ]
          },
          "cursor": "2"
        },
        {
          "node": {
            "__typename": "Gardening",
            "id": "http://blockchaintp.com/chronicle/ns#activity:gardening4",
            "name": "gardening4",
            "stringAttribute": "String",
            "intAttribute": 1,
            "boolAttribute": false,
            "wasAssociatedWith": [
              {
                "responsible": {
                  "agent": {
                    "id": "http://blockchaintp.com/chronicle/ns#agent:ringo",
                    "name": "ringo"
                  },
                  "role": "RESPONSIBLE"
                }
              }
            ],
            "used": [
              {
                "id": "http://blockchaintp.com/chronicle/ns#entity:coral",
                "name": "coral"
              }
            ]
          },
          "cursor": "3"
        },
        {
          "node": {
            "__typename": "Gardening",
            "id": "http://blockchaintp.com/chronicle/ns#activity:gardening5",
            "name": "gardening5",
            "stringAttribute": "String",
            "intAttribute": 1,
            "boolAttribute": false,
            "wasAssociatedWith": [
              {
                "responsible": {
                  "agent": {
                    "id": "http://blockchaintp.com/chronicle/ns#agent:ringo",
                    "name": "ringo"
                  },
                  "role": "RESPONSIBLE"
                }
              }
            ],
            "used": [
              {
                "id": "http://blockchaintp.com/chronicle/ns#entity:coral",
                "name": "coral"
              }
            ]
          },
          "cursor": "4"
        },
        {
          "node": {
            "__typename": "Gardening",
            "id": "http://blockchaintp.com/chronicle/ns#activity:gardening6",
            "name": "gardening6",
            "stringAttribute": "String",
            "intAttribute": 1,
            "boolAttribute": false,
            "wasAssociatedWith": [
              {
                "responsible": {
                  "agent": {
                    "id": "http://blockchaintp.com/chronicle/ns#agent:ringo",
                    "name": "ringo"
                  },
                  "role": "RESPONSIBLE"
                }
              }
            ],
            "used": [
              {
                "id": "http://blockchaintp.com/chronicle/ns#entity:coral",
                "name": "coral"
              }
            ]
          },
          "cursor": "5"
        },
        {
          "node": {
            "__typename": "Gardening",
            "id": "http://blockchaintp.com/chronicle/ns#activity:gardening7",
            "name": "gardening7",
            "stringAttribute": "String",
            "intAttribute": 1,
            "boolAttribute": false,
            "wasAssociatedWith": [
              {
                "responsible": {
                  "agent": {
                    "id": "http://blockchaintp.com/chronicle/ns#agent:ringo",
                    "name": "ringo"
                  },
                  "role": "RESPONSIBLE"
                }
              }
            ],
            "used": [
              {
                "id": "http://blockchaintp.com/chronicle/ns#entity:coral",
                "name": "coral"
              }
            ]
          },
          "cursor": "6"
        },
        {
          "node": {
            "__typename": "Gardening",
            "id": "http://blockchaintp.com/chronicle/ns#activity:gardening8",
            "name": "gardening8",
            "stringAttribute": "String",
            "intAttribute": 1,
            "boolAttribute": false,
            "wasAssociatedWith": [
              {
                "responsible": {
                  "agent": {
                    "id": "http://blockchaintp.com/chronicle/ns#agent:ringo",
                    "name": "ringo"
                  },
                  "role": "RESPONSIBLE"
                }
              }
            ],
            "used": [
              {
                "id": "http://blockchaintp.com/chronicle/ns#entity:coral",
                "name": "coral"
              }
            ]
          },
          "cursor": "7"
        },
        {
          "node": {
            "__typename": "Gardening",
            "id": "http://blockchaintp.com/chronicle/ns#activity:gardening9",
            "name": "gardening9",
            "stringAttribute": "String",
            "intAttribute": 1,
            "boolAttribute": false,
            "wasAssociatedWith": [
              {
                "responsible": {
                  "agent": {
                    "id": "http://blockchaintp.com/chronicle/ns#agent:ringo",
                    "name": "ringo"
                  },
                  "role": "RESPONSIBLE"
                }
              }
            ],
            "used": [
              {
                "id": "http://blockchaintp.com/chronicle/ns#entity:coral",
                "name": "coral"
              }
            ]
          },
          "cursor": "8"
        }
      ]
    }
  }
}
